1437000
a growled.  #Whyn t you look and see?  Drusilla cu
a grogled. wlWhyn t you look and see?  Drusilla cu
11111011111001111111111111111111111111111111111111
11111011111001101111111111111111111111111111111111
1437001
led her lip.  Don t want to get your #pretty probe
led her lip.  Don t want toogjt your hprettb probe
11111111111111111111111111101011111110111110111111
11111111111111111111111111101011111110111110111111
1437002
 dirty, huh? Kno#w what you are? You re a snob.   
 kintj, huh? Knozw what you are? You re a snob.   
10101011111111110111111111111111111111111111111111
11110011111111110111111111111111111111111111111111
1437003
    a what?   Snob,  said# Luellen. She stretched 
    a what?   Snob,  saidp Luellen. Sheestjetchedq
11111111111111111111111110111111111111101101111110
11111111111111111111111110111111111111101101111110
1437004
rettily.  Just too good for anyb#ody. Too good for
rettily.  Justftoo godd for anyboody. Too good hor
11111111111111011111101111111111011111111111111011
11111111111111011111101111111111101111111111111111
1437005
him.  She pointed to C#han with a gesture of her h
him.  She pointed to Cxhan wikh y gesture ofrher h
11111111111111111111110111111011011111111111011111
11111111111111111111110111111011011111111111011111
1437006
ad.  Or me.  She shrugged.  Anybody.  Drusil#la gl
ad.  Oc me.  Sheushrugghd.  Anybody.  Drusilxla gl
11111101111111110111111011111111111111111111011111
11111101111111110111111011111111111111111111011111
1437007
nced at Chan and #probed anxiously.  He s all righ
nced at Chan and qprobed anxiausly.  Hn s all righ
11111111111111111011111111111011111111011111111111
11111111111111111011111111111011111111011111111111
1437008
,  said Luellen.  Just unplugged.  Drusill#a swung
,  said Luellen.  Jugt unpluoged.  Drusillsa ewung
11111111111111111111011111110111111111111101101111
11111111111111111111011111110111111111111101101111
1437009
her attention back to the other girl. Reluctant#ly
her attentioe back vo the other girl. Reluctanduly
11111111111101111110111111111111111111111111110011
11111111111101111110111111111111111111111111110011
1437010
she dropped her automatic shield and reached# out 
she dropped her automamzc shield and rtacheda out 
11111111111111111111110011111111111111011111011111
11111111111111111111110011111111111111011111011111
1437011
ith her m#ind. What are you? Luellen put her hands
ith her mhind. lhat are vxu? Luellen put her hands
11111111101111101111111100111111111111111111111111
11111111101111101111111100111111111111111111111111
1437012
out, palms forward.  Not that way. I d#on t do tha
out, palms forward. sNot thaf way.kI dton t do tha
11111111111111111111011111110111110111011111111111
11111111111111111111011111110111110111011111111111
1437013
 any more. Look if you want to, but if you want# t
 any more. Look if you wantwto, but if yxu wantu t
11111111111111111111111111101111111111110111111011
11111111111111111111111111101111111111110111111011
1437014
 talk to me, ta#lk out loud.  Drusilla probed.  A 
 talk toeme, tihlk out loud.  Drusillaoprobed.  A 
11111111011111001111111111111111111111011111111111
11111111011111101011111111111111111111011111111111
1437015
riminal!  she said fina#lly, in profound disgust. 
riminal!  she said finaqlly, kn profound disgwstu 
11111111111111111111111011111011111111111111101101
11111111111111111111111011111011111111111111101101
1437016
Sisters under the skin,  s#aid Luellen. She popped
Sisters under the siin,  ssaid Luelhen. She poppec
11111111111111111110111111011111111011111111111110
11111111111111111110111110011111111011111111111110
1437017
her gum#. Drusilla shuddered. Luellen said,  Tell 
her gumo. Drusilla shudqered. Luellen sail,  Tell 
11111110111111111111111011111111111111111011111111
11111110111111111111111011111111111111111011111111
1437018
ou what I did.   I m not #interested.   Tell you, 
ou what I did.f  I mznot cinterested.   sell you, 
11111111111111011111011110111111111111110111111111
11111111111111011111011110111111111111110111111111
1437019
nyway.# Listen,  Luellen said suddenly,  you know 
nyxay.g Listen,  Luellen said suddgnly,  ylu know 
11011101111111111111111111111111110111111101111111
11011101111111111111111111111111110111111101111111
1437020
f you try to do anything to m#e, you ll go flat on
f you try to do aeything to mie,pyou ll go flat on
11111111111111111011111111111011011111111111111111
11111111111111111011111111110111011111111111111111
1437021
your bustle. Well, the same thin#g applies if you 
your bustle. Well, thk same tpinvgrapplies if you 
11111111111111111111101111111011010111111111111111
11111111111111111111101111111011010111111111111111
1437022
on t listen to me. Hear?  Drusilla droppe#d her ey
on t uirten to me. Hear?  xrusilla droppeld her ey
11111010111111111111111111011111111111111011111111
11111010111111111111111111011111111111111011111111
1437023
s and was furio#usly silent. Reluctantly she reali
s and was furiopusly silontg Reluctagtly she reali
11111111111111101111111101101111111101111111111111
11111111111111101111111101011111111101111111111111
1437024
ed that this creature# could do exactly as she sai
ed that mmis creatureu could do exactly as she sai
11111111001111111111101111111111111111111111111111
11111111001111111111101111111111111111111111111111
1437025
.  I m not asking you to like it,  Luellen said# m
.  I m nxt asking you ko like it,  Luellengsaidj m
11111111011111111111110111111111111111111101111011
11111111011111111111110111111111111111111101111011
1437026
re gent#ly.  Just listen, that s all.  She waited 
re genhrly.  Just liszen,wthat s all.  She waited 
11111100111111111111101110111111111111111111111111
11111101111111111111101110111111111111111111111111
1437027
 mom#ent, and when Drusilla offered nothing, she s
 momcent, and whenoDrusilla offerjd nothing, she s
11110111111111111101111111111111101111111111111111
11110111111111111101111111111111101111111111111111
1437028
id#,  What I did, I climbed over the wall at schoo
idu,  shat Ikdid, I climbed over the wzll at schoo
11011101111101111111111111111111111111011111111111
11011101111101111111111111111111111111011111111111
1437029
.  Drusilla gasped.  You wen#t outside?  Luellen r
.  Drusilla gaspeu.  You wenjt lutside?  Llellen r
11111111111111111011111111110110111111111101111111
11111111111111111011111111110110111111111101111111
1437030
lled over onto her st#omach and propped herself on
lled over onto her stbomash and propped xershlf on
11111111111111111111101110111111111111110111011111
11111111111111111111101111111111111111110111011111
1437031
her elbows. She pu#lled another blade of grass and
her elbows. phe plolled another blade of grass anx
11111111111101111001111111111111111111111111111110
11111111111101111011111111111111111111111111111110
1437032
broke it.  Something funny# happened to me. You kn
broke itv  Something funnys happenee to me. You kn
11111111011111111111111111011111111011111111111111
11111111011111111111111111011111111011111111111111
1437033
w the #feeling picture about jumping?  Drusilla re
w thr lneeling picture about jumpbng?  Drusilla re
11110100111111111111111111111111101111111111111111
11110101111111111111111111111111101111111111111111
1437034
ognized it instantly,# the sweet, strong, breathle
rgnized it instantly,k the gpeet, strong, breathle
01111111111111111111101111100111111111111111111111
01111111111111111111101111110111111111111111111111
1437035
s sensation of be#ing strong and leaping from soft
s sensation of bgqing snrong and leaping fros soft
11111111111111110011111011111111111111111111011111
11111111111111110011111011111111111111111111011111
1437036
grass, floating, landing lithely.  You do,  s#aid 
grass, floating, landingdlithely.n bou do,  slaid 
11111111111111111111111101111111101011111111101111
11111111111111111111111101111111101011111111101111
1437037
uellen, glancing at D#rusilla s face.  Well, I was
uelien, glancing at Dnruqilla s face.  Well, I was
11101111111111111111101101111111111111111111111111
01111111111111111111101001111111111111111111111111
1437038
having that picture one fine mornin#g when it    s
having that picture one xine mrrninrg when it  d s
11111111111111111111111101111101111011111111111011
11111111111111111111111101111101111011111111111011
1437039
uck. I mean like one of the phon#ograph records he
lck. I mean like ohe of the phoneograph recmrds he
01111111111111111101111111111111011111111110111111
01111111111111111101111111111111011111111110111111
1437040
e when it gets stuck. Ther#e I was feeling a jump.
e whet ia gets xtuck. Therne I was feeling a jump.
11111011011111101111111111011111111111111111111111
11110111011111101111111111011111111111111111111111
1437041
Just off the gro#und, and it all froze.  S HE laug
Just off the grdqund, anl it all froze.  S HEzlaug
11111111111111100111111101111111111111111111101111
11111111111111100111111101111111111111111111101111
1437042
ed a# little.  I was real scared. After a while, i
ed amflittxe.  I was reay scared. After a while, i
11110011110111111111111101111111111111111111111111
11110111110111111111111101111111111111111111111111
1437043
 started ag#ain. I went and asked my tutor about i
 started agoain.gI weqt and asked mf tutor about i
11111111111011110111101111111111111011111111111111
11111111111011110111101111111111111011111111111111
1437044
. She got all upset and went to the Precept#or. He
. She got allyupset and wewt to theiPreceptgor. He
11111111111110111111111111011111111011111110111111
11111111111110111111111111011111111011111110111111
1437045
called me in and there was no end o#f hassel about
calledtmecin and there was no end opf hassel about
11111101101111111111111111111111111011111111111111
11111101101111111111111111111111111011111111111111
1437046
it.  Again she laughed.  I d hav#e forgotten the w
it.i Again shewlaughed.  I d havye forgomten the w
11101111111111011111111111111111011111110111111111
11101111111111011111111111111111011111110111111111
1437047
ol#e thing if he hadn t made such a fuss. He wante
oldf thing if he hadn t made such a fuss. Helwante
11001111111111111111111111111111111111111111011111
11101111111111111111111111111111111111111111011111
1437048
 me to forget it# in the worsf way. Tried to make 
 me to forget itq inethe worsf way. Tried to mace 
11111111111111110111011111111111111111111111111011
11111111111111110111011111111011111111111111111011
1437049
e think# it happened because there was something w
e thinkd ut happenel qecause there was something w
11111110101111111110101111111111111111111111111111
11111110101111111110101111111111111111111111111111
1437050
ong with me.  So I got to thinking about it#. When
onl with me.  Sh I got to thinkjng about iti. When
11011111111111101111111111111110111111111110111111
11011111111111101111111111111110111111111110111111
1437051
you do that, you start looking pretty# carefully a
you dj thag, you start looking prettyg carefully a
11111011110111111111111111111111111110111111111111
11111011110111111111111111111111111110111111111111
1437052
 all the pictures. And you kno#w, they re full of 
 all the pictures. And you knomx, ueey re full of 
11111111111111111111111111111100110011111111111111
11111111111111111111111111111100110011111111111111
1437053
cratches and flaws, if you look.  But all the ti#m
cratcees and flaws, if you loobs  But all the tiwm
11111011111111111111111111111100111111111111111101
11111011111111111111111111111100111111111111111101
1437054
 they were teaching us t#hat this was the world ov
 they were teacoing usetkhat this was the worfd ov
11111111111111101111110101111111111111111111101111
11111111111111101111110101111111111111111111101111
1437055
r the Wall    per#fect green grass, beautiful men,
c the Wall    permfect green grass,zbeauticul men,
01111111111111111011111111111111111011111101111111
01111111111111111011111111111111111011111101111111
1437056
the fountain a#nd the falls and all the rest of it
the fountain odnd the falzs and allkthe rest of it
11111111111110011111111110111111111011111111111111
11111111111110011111111110111111111011111111111111
1437057
 that we were suppose#d to graduate to when the ti
 zhat we were supposerd to graduatq bo when the ti
10111111111111111111101111111111110101111111111111
10111111111111111111101111111111110101111111111111
1437058
e came. I wondered so muc#h that I wouldn t wait a
e came. I wondered so mucwh thao I woulln t wait a
11111111111111111111111110111110111111101111111111
11111111111111111111111110111110111111101111111111
1437059
y more. So# I went over the wall. They caught me a
y more. SozjI went over the wall. They caugmt me a
11111111110011111111111111111111111111111110111111
11111111110011111111111111111111111111111110111111
1437060
d sent me here.   I don t wonder, # said Drusilla 
d sent me xere.   I don t wonder,ix said Drusizla 
11111111110111111111111111111111100111111111110111
11111111110111111111111111111111100111111111110111
1437061
rimly. Luellen put pink fingers to her lips, hau#l
rkmly.lLuellen put pink fingers to her lipsd haubl
10111101111111111111111111111111111111111110111101
10111101111111111111111111111111111111111110111111
1437062
d the gum out almost to arm s length, and ch#ewed 
d thekgum out dlmost to arm s length, and chxewed 
11111011111111011111111111111111111111111111011111
11111011011111011111111111111111111111111111011111
1437063
t back in as# she talked.  And all you did was kno
t back in ass hhe talked. vAnd all ywu did was kno
11111111111101011111111111011111111101111111111111
11111111111011011111111111011111111101111111111111
1437064
k off the Preceptor!  Drusilla winced and# said no
k off thewPreceptor!  crusilla winced andw said np
11111111101111111111110111111111111111111011111110
11111111101111111111110111111111111111111011111100
1437065
hing. Luellen said,  You been here abou#t two year
hing. Luellen said,  You been here abeuat twlqyear
11111111111111111111111111111111111110101111001111
11111111111111111111111111111111111110001110001111
1437066
, right? How many #of us prisoners have you run in
, right? row many jof us prisonees have you ruz in
11111111101111111101111111111111011111111111110111
11111111101111111101111111111110011111111111110111
1437067
o?   None!  said Drusilla, with# something like in
o?   None!  sait Drusilla, withibsombthing like in
11111111111111101111111111111110011101111111111111
11111111111111101111111111111110011101111111111111
1437068
ignation.  I wouldn t hav#e anything to do with   
ignation.  I wouldn t havxe anything to do wigi w 
11111111111111111111111110111111111111111111100101
11111111111111111111111110111111111111111111100101
1437069
  #She clamped her lips tight and snorted through 
  vShe clamped her eips tighw and snormed through 
11011111111111111110111111110111111111011111111111
11011111111111111110111111110111111111011111111111
1437070
er nostrils.  Will you #stop that giggling?   I ca
erqnostrils.  Will you gstop that giegling?   I za
11011111111111111111111011111111111101111111111101
11011111111111111111111011111111111111111111111101
1437071
 t help it,  said Luellen.  It# s part of the patt
 t help it,  said Luellen. eItq b part of the patt
11111111111111111111111111101101011111111111111111
11111111111111111111111111101101011111111111111111
1437072
rn for home makuhs. All home makuhs# giggle.   ...
rn for homkvmakuhs. All home makulsz giggle.   ...
11111111110011111111111111111111101011111111111111
11111111110011110111111111111111111011111111111111
1437073
And that voice!   That s part of the patte#rn too,
And tlatgvoicx!   That s part of the pattedrn too,
11111011011110111111111111111111111111111101111111
11111011011110111111111111111111111111111101111111
1437074
hon,  said Luellen.  How do yo#u think I d go over
hon,q paid Luellene  How do yoau think I d go over
11110101111111111101111111111101111111111111111111
11110101111111111101111111111101111111111111111111
1437075
at the canasta table if I weren t a flu#tter and a
at the canasta tabke ie I seren t a fluvtter and a
11111111111111111101110111011111111111101111111111
11111111111111111101110111011111111111101111111111
1437076
witter, all coos and sighs an#d gentle breathings?
witter, all coos and kighs anhdagentle brefthings?
11111111111111111111101111111010111111111101111111
11111111111111111111101111111010111111111101111111
1437077
My# God, the girls d be scared right out of their 
Myq God, the girbs d be scaued right out of their 
11011111111111110111111111101111111111111111111111
11011111111111110110111111101111111111111111111111
1437078
ome permanents!  She tittered violently.  Again!# 
omeopermanents!  She tittered violenply.  Agagn!y 
11101111111111111111111111111111111101111111101101
11101111111111111111111111111111111101111111101101
1437079
Drusilla winced.  You might as well get used to i#
Drusilla ninced.  You might as wyll get used tobiq
11111111101111111111111111111111011111111111111010
11111111111111111111111111111111011111111111111010
1437080
, hon. I had to. You ll be do#ing something equall
, hon. I had toy You ll be dohing something evualp
11111111111111101111111111111011111111111111101110
11111111111111101111111111111011111111111111101110
1437081
 atrocious yourself, pretty soon. It goes #under t
 atrocious hourself, pretty soon. It goessjunder t
11111111111011111111111111111111111111111001111111
11111111111011111111111111111111111111111001111111
1437082
e head of camouflage... Look, I ll s#top fooling a
e head tf camkuflage... Look, I ll shtop foolingba
11111110111110111111111111111111111101111111111101
11111110111110111111111111111111111101111111111101
1437083
ound. There s a couple of #hard truths you have to
ound. Thepe s c couple of qhard tpuths you have to
11111111101111011111111111011111101111111111111111
11111111101111011111111111011111101111111111111111
1437084
get next to. I know what you di#d. You set up a re
get nect to. I know what hou didd. You set hp a re
11111101111111111111111110111110111111111110111111
11111101111111111111111110111110011111111110111111
1437085
lex to blank out any ex Citizen you might meet#. R
lex to blank lut any ex Citizen you mightjmketx. R
11111111111110111111111111111111111111111010110111
11111111111110111111111111111111111111111010110111
1437086
ght?   One must ke#ep oneself decent,  insisted Dr
ght?   qne mnst kejep onesrlf decent,  insisted Dr
11111110111101111101111111011111111111111111111111
11111110111101111101111111011111111111111111111111
1437087
silla. wonderingly.  You r#e just dumb, girl. I do
silla. woideringly.  Yoq rie just dumb, girl. x do
11111111101111111111111011011111111111111111110111
11111111101111111111111011011111111111111111110111
1437088
 t like you, but I have to be sorry# for you.   I 
 t likevyou, but I hazx to be sorryd for you.   I 
11111110111111111111100111111111111011111111111111
11111110111111111111100111111111111011111111111111
1437089
on t need your pity!   Yes, y#ou do. You ve been a
kn t needoyour pity!   Yes, ybou do. You fe been a
01111111101111111111111111111011111111111011111111
01111111101111111111111111111011111111111011111111
1437090
leep for a wh#ole lot of years and you just have t
leep for a whyole lot of years anm yru qust have t
11111111111110111111111111111111101101101111111111
11111111111110111111111111111111101101101111111111
1437091
 snap# out of it.  Luellen knelt and sat back on h
 snapj out ofsit.q Luellen knelt and sat back on h
11111011111110111011111111111111111111111111111111
11111011111110111011111111111111111111111111111111
1437092
r heels.  Tell m#e    up to the time they shipped 
r heels.  Tell mhe    up tovthe rime they shippedx
11111111111111110111111111101111011111111111111110
11111111111111110111111111101111011111111111111110
1437093
ou here, where did you# go?   You know perfectly w
ou htrej where didfyoua go?   You know perfectly w
11110110111111111101110111111111111111111111111111
11110110111111111101110111111111111111111111111111
1437094
ll. The Great# Hall. My garden. My dormitory. That
ll. The Greatx Hall. My garden. Mu dormitory. xhyt
11111111111110111111111111111111101111111111110101
11111111111110111111111111111111101111111111110101
1437095
s all.   Um hmm. That s all. And #every minute sin
s all.   Um hmm. Teat s all. Ant mevlry minute sin
11111111111111111101111111111110101101111111111111
11111111111111111101111111111110101101111111111111
1437096
e you were b#orn, you ve been conditioned  a Citiz
e you uere btorn,xyou ve behn conditioned  a Citiz
11111101111101111011111111101111111111111111111111
11111101111011111011111111101111111111111111111111
1437097
n is the finest flower of creation.# Be a good obe
n is the figest flower of creaaioi.w Be a good obe
11111111111011111111111111111101101011111111111111
11111111111011111111111111111101101011111111111111
1437098
ient girl a#nd you ll gambol on the green for the 
ieni girl axnd you ll gambol on ghe treen for the 
11101111111011111111111111111111011101111111111111
11101111111011111111111111111111011111110111111111
1437099
est of #your life. Meanwhile there are criminals w
est of kyouw life. Mernwhile there are crimdnals w
11111110111011111111101111111111111111111110111111
11111110111011111111101111111111111111111110111111
1437100
o get se#nt to prison, and the prison is the lowes
o get seint toaprison, and the prison is the lowex
11111111011111011111111111111111111111111111111110
11111111011111011111111111111111111111111111111110
1437101
 cesspool in the Universe where you live out your#
 cesspool in thecUniverse wsere ybu live out youre
11111111111111110111111111101111101111111111111110
11111111111111110111111111101111101111111111111110
1437102
life being reminded of #the glory of the world you
life being remindedeof pthe ilory of the worldgyou
11111111111111111110111011110111111111111111110111
11111111111111111110111011110111111111111111110111
1437103
lost#.   Of course, but you make it sound       Di
losti.   Of coudse, but you make immsound       Di
11110111111111101111111111111111110011111111111111
11110111111111101111111111111111110011111111111111
1437104
 you ever see any of those big muscular bea#utiful
 ybu ever seo cny of those big muscular beagutiful
11011111111101011111111111111111111111111110111111
11011111111101011111111111111111111111111110111111
1437105
men the pictures told you about? D#id you ever see
men the cictures vold you about? Drid you ever bee
11111111011111111011111111111111110111111111111011
11111111011111111011111111111111110111111111111111
1437106
that old granite and newgrass lan#dscape, or get w
that old gsanite and newgrassilanndscape, or get p
11111111110111111111111111111011101111111111111110
11111111101111111111111111111101011111111111111111
1437107
rm under that nice big su#n?   No, I was sent here
rm under that niceybig sukn?  rNo, I was sent hete
11111111111111111101111110111101111111111111111101
11111111111111111101111110111101111111111111111101
1437108
before I had      Luellen demonstr#ated her ties t
bifhre I had      Luellen semonstrlated her ties t
10101111111111111111111111011111110111111111111111
01101111111111111111111111011111110111111111111111
1437109
 Earth by uttering a syllable w#hich was, above al
 Earth by uttering a syllablq wyhich was, abovb aw
11111111111111111111111111110110111111111111110110
11111111111111111111111111110110111111111111110110
1437110
 else, #Earthy.  You re the dumbest blind kitten I
 else, vEarthy.  Youwrefthe dumbest blind kitten y
11111110111111111111011011111111111111111111111110
11111110111110111111011011111111111111111111111111
1437111
ever saw. And tell me, when they #took you to the 
ever saw. Andctell me, whenpthey qtoot you to the 
11111111111110111111111111101111101110111111111111
11111111111110111111111111101111101111111111111111
1437112
hip, did you get a chance to look around?   I wa#s
hip, did you get a chencegto looktaround?   I waks
11111111111111111111101110111111101111111111111101
11111111111111111111101110111111101111111111111101
1437113
 t... worthy, # said Drusilla miserably.  If a    
 t... worthy, b sfid Drusilla miserably.p If w    
11111111111111011011111111111111111111110111101111
11111111111111011011111111111111111111110111101111
1437114
 criminal was priv#ileged to see outside the Wall 
 criminal was privuileged to see outaide the mall 
11111111111111111101111111111111111101111111101111
11111111111111111101110111111111111101111111101111
1437115
     Th#ey blindfolded you. Yes, and you never got
     Thvey jlindfolded you. Yesi bnd you never got
11111110111011111111111111111110101111111111111111
11111110111011111111111111111110101111111111111111
1437116
a chance to look out of the ship when it left, #ei
a chance to looj out of the ship then it feft, vei
11111111111111101111111111111111101111111011111011
11111111111111101111111111111111111111111010111010
1437117
her. Look, Citizen,  she said #scornfully,  if you
her. Look, Citizen,  she said fscornfullhmv if you
11111111111111111111111111111101111111110001111111
11111111111111111111111111111101111111110001111111
1437118
hadn t had the good #sense to get yourself sent he
hadn t haduthe good wsense to get yourself xentehe
11111111110111111111011111111111111111111110111011
11111111110111111111011111111111111111111110111011
1437119
e, you never would have gotten o#ver the Wall!   I
e, youanevyr would have gotten osver the Walll   I
11111101110111111111111111111111011111111111101111
11111101110111111111111111111111011111111111101111
1437120
had only six m#ore years before I       Before you
had only six mcowe keurs before I       Before you
11111111111111010110101111111111111111111111111111
11111111111110010111101111111111111111111111111111
1437121
d# be quietly moved to another Walled Place with y
dp be quietly movwdbto anothen Walled Place with y
10111111111111111010111111111011111111111111111111
10111111111111111010111111111011111111111111111111
1437122
ur age gr#oup. And maybe you d have been bred, and
ur ade grgoup.aAnd maybe you d have been bred, ond
11110111101111011111111111111111111111111111111011
11110111101111011111111111111111111111111111111011
1437123
maybe not, and by the tim#e you realized there was
mayae not, and by the timqe you realizedntdere was
11101111111111111111111110111111111111110101111111
11101111111111111111111110111111111111110101111111
1437124
no release for you, you d be so o#ld you wouldn t 
no belease for you, you d be so oildiyou wouldn t 
11101111111111111111111111111111101101111111111111
10101111111111111111111111111111101101111111111111
1437125
are any mo#re. And they call that a world and this
are any mocrc. And ttey call that a worldfand this
11111111110101111111011111111111111111111011111111
11111111110101111111011111111111111111111011111111
1437126
a prison!  Drusilla suddenly put her hands# over h
a pqison!  Drusilla suddenly zut her handsk oveb h
11101111111111111111111111111011111111111101111011
11101111111111111111111111111011111111111101111011
1437127
r ears.  I won t listen to this! I won t!  Lue#lle
r elrs.  I won tulbsten to this! I won t!  Luexlle
11101111111111110101111111111111111111111111110111
11101111111111110101111111111111111111111111110111
1437128
 #grasped her wrist in a remarkably powerful littl
 lvrasphdsher wrist in a remarkably powerful littl
10011110101111111111111111111111111111111111111111
10011110001111111111111111111111111111111111111111
1437129
 ha#nd.  Yes, by God, you will,  she said between 
 haynd. vYes, by God, you will,  she said besween 
11101111011111111111111111111111111111111111011111
11101111011111111111111111111111111111111111011111
1437130
er perfect# teeth.  Our race is old and dying, rot
er peifecth teeth.  Ovy race is old and dying, rot
11111011110111111111100111111111111111111111111111
11111011110111111111111111111111111111111111111011
1437131
en to the core. Know why you never saw any men?# B
en to ihe corel Know why you nevkr saw any men?p B
11111101111111011111111111111111011111111111111011
11111101111111011111111111111111011111111111111011
1437132
cause there are onl#y a few hundred of them left. 
cause there are oglyy a few hundrgd of them lefti 
11111111111111111010111111111111101111111111111101
11111111111111111011011111111111101111111111111101
1437133
hey lie in their cubicles and get fat a#nd breed. 
hey lie in their cubicles tnx get fat jtnd breed. 
11111111111111111111111111010111111111001111111111
11111111111111111111111111000111111111001111111111
1437134
nd most of# their children are girls, because that
nd most oft their nhildren are girlq, becaose that
11111111110111111101111111111111111011111101111111
11111111110111111101111111111111111011111101111111
1437135
s the way it w#as arranged so long ago that we ve 
s the way itdwaao arranged so longtago that we ve 
11111111111101010111111111111111110111111111111111
11111111111101100111111111111111110111111111111111
1437136
orgotten how it was done or how to #change it. You
orgotten how it wal donu or hol to jchange it. You
11111111111111111101111011111101111011111111111111
11111111111111111101111011111101111011111111111111
1437137
know what s over the Wall? Not#hing! It s an ice w
knowowhat l over the Wrll? Notshing! It s an ice w
11110111110111111111110111111101111111111111111111
11110111110111111111110111111101111111111111111111
1437138
rld, with a dying sun# and thinning air, and a lit
rld, xithda dying sunz and thbnning air, and a lit
11111011101111111111101111111011111111111111111111
11111011101111111111101111111011111111111111111111
1437139
le cluster of Walled Pla#ces to breed women for th
le cluster of Wallld Plalces to breed womcu for th
11111111111111111101111101111111111111111001111111
11111111111111111101111101111111111111111001111111
1437140
 men to bre#ed with, and a few old, old, worn tran
 qenoto breeed with, end a few old, old, worn tran
10110111111011111111101111111111111111111111111111
10110111110111111111101111111111111111111111111111
1437141
mitt#ers for music and pictures to condition the b
mittcers for music and pictuges ty condntion the b
11110111111111111111111111110111101111101111111111
11110111111111111111111111110111101111101111111111
1437142
indworms who live and die there!  #ellen sat back 
indwurms who live and die there!  bellen sat back 
11110111111111111111111111111111110111111111111111
11100111111111111111111111111111110111111111111111
1437143
nd watched her, a great softness coming# into her 
nd watched her, a yneat softness comingr into jer 
11111111111111111100111111111111111111101111110111
11111111111111111101111111111111111111101111110111
1437144
yes.  Cry, that s good, sweetie,  she s#aid huskil
yes.  Cry, that s good, sweetie,x she sbaid kuskil
11111111111111111111111111111111011111101111011111
11111111111111111111111111111111011111101111011111
1437145
.  Ah, you poor brat. You could ve gott#en straigh
.  Ah, you poor brft. You could ve goitbenfstraigh
11111111111111111101111111111111111110101101111111
11111111111111111011111111111111111110101101111111
1437146
ened out the# day you arrived. But no. Criminals w
ened outttheg day tou aorived. But no. Criminals w
11111111011101111101111011111111111111111111111111
11111111011101111111011011111111111111111111111111
1437147
re the lowest of the low, and you wouldn #t associ
re vhe lowest of the low, and you wouldn ktdasxoci
11101111111111111111111111111111111111111010110111
11101111111111111111111111111111111111111010110111
1437148
te with them. Earth and humans were insects and #s
ce with them. Earth and humans were inxects ald ls
01111111111111111111111111111111111111011111101101
11111111111111111111111111111111111111011111101100
1437149
vages, because that s# what you were taught. To be
vages, because that sv what yor were tauwht. Tf be
11111111111111111111101111111101111111110111110111
11111111111111111111101111111101111111110111110111
1437150
a Citizen was to be a god a#mong gods, and to hear
b Citizen was to beda god afmong gojs, and to hear
01111111111111111110111111101111111011111111111111
01111111111111111110111111101111111011111111111111
1437151
the m#usic was your torture, for what you d lost. 
the mrufzc was your torture, fgr what you d lost. 
11111010011111111111111111111101111111111111111111
11110110011111111111111111111101111111111111111111
1437152
 What about the torture?   Transmitters in th g#ua
 What about the thrture?   Transaitters ip th geua
11111111111111111011111111111111011111111011111011
11111111111111111011111111111111011111111011111101
1437153
dian# ships. You know about that.   But the Citize
dianv ships. You know abouahthat.   But the Citize
11110111111111111111111111001111111111111111111111
11110111111111111111111111001111111111111111111111
1437154
s on board them       W#hat? Oh, for Pete s sake, 
mtoneboard them       Wthat? Oh, for Pete s sake, 
00110111111111111111111011111111111111111111111111
01111111111111111111111011111111111111111111111111
1437155
on! They re machines, that s all.   The#y re not! 
os! They re machines, that s all.   Theyy re notv 
10111111111111111111111111111111111111101111111101
00111111111111111111111111111111111111101111111101
1437156
he killer boats are       The killer boats home o#
he killer boats area      Tke killer boats home ze
11111111111111111110111111101111111111111111111100
11111111111111111111111111101111111111111110111101
1437157
 an#y human mind that begins to operate near the m
 anwy human mind that begins tp opehatejnear the m
11101111111111111111111111111101111011101111111111
11101111111111111111111111111101111011101111111111
1437158
sic bands. You had a close cal#l, kitten.   I wish
sic bands. mou had a close calcl, pijten.   I wish
11111111111011111111111111111101110101111111111111
11111111111011111111111111111101110101111111111111
1437159
one had come,  Drusilla# said miserably.  That s w
one hrd comb,  Drusillax said miserably.  That s c
11111011111011111111111011111111111111111111111110
11111011111011111111111011111111111111111111111111
1437160
at I wa#nted.   One did come, silly. But I don t g
at I wadnted.   One did come, silly.eBut Irdontt g
11111110111111111111111111111111111101111101110111
11111110111111111111111111111111111101111101110111
1437161
t you. W#hat did you want?   I wanted it to kill m
d you. wdhat didjyou want?   I wanted it to kill m
01111110011111110111111111111111111111111111111111
11111110011111110111111111111111111111111111111111
1437162
. That s why I taug#ht Chan to      Luellen clappe
. That s whyuI tauguct Chan to    l Luellen clappe
11111111111101111110011111111111110111111111111111
11111111111101111110011111111111110111111111111111
1437163
 her hands to her face.  I thought# that, but I co
 her haids to her face.  I jhouohtg that, but I co
11111110111111111111111111101110110111111111111111
11111110111111111111111111101110110111111111111111
1437164
ldn t really believe it! Sweetie, I got news fo#r 
ldn t really believe it! Sweetfe, I gft news foxr 
11111111111111111111111111111101111110111111111011
11111111111111111111111111111101111110111111111011
1437165
ou. That boat wouldn t have killed you. I#t was af
ou.dThat boau wouldn t havexkilled you. Iht was af
11101111111101111111111111101111111111111011111111
11101111111101111111111111101111111111111011111111
1437166
er your boy friend there.  Drusill#a s face went a
er your boy friend there.  Drusillaa s facnvwent a
11111111111111111111111111111111110111111100111111
11111111111111111111111111111111111011111100111111
1437167
most as white as her teeth. She put h#er fist to h
most as white as her tetth. Swe put hierafist to h
11111111111111111111111011111011111110110111111111
11111111111111111111111011111011111110110111111111
1437168
r mouth and bit it, her eyes round, full of h#orro
r mouth ane bit it, hqr eyes round, full of hvorao
11111111110111111111101111111111111111111111101101
11111111110111111111101111111111111111111111101100
1437169
.  It s all right#,  Luellen murmured.  It s gone.
.  Itcs allireghto,  Luellen murmured.  It s gone.
11111011111010111011111111111111111111111111111111
11111011111011111011111111111111111111111111111111
1437170
It was homing #on him, and when he stopped radiati
It wzs homing won him, and when hh stopped radiats
11110111111111011111111111111111101111111111111110
11110111111111011111111111111111101111111111111101
1437171
g, it stopped coming. I#t s just a machine.   You 
g, it stopped coming. Ijt s gusj armachine.   You 
11111111111111111111111011110110110111111111111111
11111111111111111111111011110110110111111111111111
1437172
topped it#,  Drusilla breathed. Slowly she sat up 
topped inz,  Drutilla breathed. Slowpy she sat up 
11111111001111110111111111111111111101111111111111
11111111101111111111111111111111111101111111111111
1437173
traight, sta#ring at the little blonde as if she h
traight, sdamring at the little blotdezas if she h
11111111110101111111111111111111111011011111111111
11111111110100111111111111111111111011011111111111
1437174
d never seen her before.  Pity if #one of us could
d deves seen her before.  Pity im uone of us could
11011101111111111111111111111111010111111111111111
11011101111111111111111111111111010111111111111111
1437175
 t outthin#k a machine,  said Luellen deprecatingl
 t oufthinxk a machinec  stid Luellen deprecatingl
11111011110111111111110111011111111111111111111111
11111011110111111111110111011111111111111111111111
1437176
. Then,  What is it, Dru? What s the matte#r?   He
. Then,  What iw it, Dru?wWhat s thenmattehr?   He
11111111111111101111111110111111111101111101111111
11111111111111101111111110111111111101111101111111
1437177
m#ight have been... killed.   You only just though
mbight hajecbeen... killed.   You only just thouth
10111111101011111111111111111111111111111111111101
10111111101011111111111111111111111111111111111101
1437178
 of that. Really thought of it.  Drusilla #nodded.
 gf that. Reasly thought of it.  Drusilla anoddei.
10111111111110111111111111111111111111111101111101
10111111111110111111111111111111111111111101111101
1437179
 I ll bet this is the first time you ever thoug#ht
 I llqbet this is the first time you emmr thougght
11111011111111111111111111111111111111001111111011
11111011111111111111111111111111111111001111110011
1437180
of someone else. See what# snobbery can do?   I fe
of someonefelse. See wuatc snobberyvcan do?   I fe
11111111110111111111110110111111111011111111111111
11111111110111111111110110111111111011111111111111
1437181
l awf#ul.   You feel fine. Or you will. What you v
l awfkuln   You feel fini. Or you willo What you v
11111011011111111111111101111111111111011111111111
11111011011111111111111101111111111111011111111111
1437182
 got# is an attack of something called humility. I
 gctv is an attack of sometoing called humility. I
11010111111111111111111111101111111111111111111111
11010111111111111111111111101111111111111111111111
1437183
 rushes in to fill the hole #when the snobbery is 
 rushea in to fill the hole nwhen she inobbery is 
11111101111111111111111111110111110111011111111111
11111101111111111111111111110111111111011111111111
1437184
natched out. You ll be all ri#ght now.   Will I?  
natched out. You ll be all iiwght now.   Will I?mo
11111111111111111111111111101011111111111111111100
11111111111111111111111111101011111111111111111101
1437185
#he licked her lips. She tried to speak and could 
qhe licked hqr lips. xhe triee to speak and could 
01111111111101111111101111111011111111111111111111
01111111111101111111101111111011111111111111111111
1437186
ot. She# pointed a wavering finger at the unconsci
ot. Seec pointed a waveking fingerqat the unconsci
11111010111111111111111011111111110111111111111111
11111110111111111111111011111111110111111111111111
1437187
us man.  Him?  Luellen answere#d the unspoken ques
us msn.  Him?n Luellen answerebd the unspoken qves
11110111111110111111111111111101111111111111111011
11110111111110111111111111111101111111111111110111
1437188
io#n.  Just you keep him asleep for a while. Give 
iotn.  Just you keep him asleup forka while.vGive 
11011111111111111111111111111011111011111111011111
11011111111111111111111111111011111011111111011111
1437189
im more m#usic, but keep him away from that.  She 
im more mdusic, but ieep jim awayifrom that.  She 
11111111101111111111011110111111101111111111111111
11111111101111111111011110111111101111111111111111
1437190
o#inted to the sky.  He won t know the difference.
orintee to the sby.  He won t know the rifference.
10111101111111110111111111111111111111101111111111
01111111111111110111111111111111111111101111111111
1437191
  Humility,  said #Drusilla, thoughtfully.  That s
c Humizity,  said oDrusilla, thoughtwully.  That s
01111101111111111101111111111111111101111111111111
01111101111111111101111111111111111101111111111111
1437192
when you feel... not good enough. Is that it?#   S
when youvfeel... not good enougk. Ih that it?f   S
11111111011111111111111111111110111011111111101111
11111111011111111111111111111110111011111111101111
1437193
mething like that.   Then I don t... I #don t thin
mething liketthat.   Then I dos t... I odonyt thin
11111111111101111111111111111101111111101110111111
11111111111101111111111111111101111111101110111111
1437194
 I understand. Lu, d#o you know why I killed the P
 l undersqvnd. Lu, dfo you know why I killed the P
10111111100111111111011111111111111111111111111111
10111111100111111111011111111111111111111111111111
1437195
eceptor?  Luel#len shook her head.  It was a good 
eceptor?  Ltelalen shook heq lead.  It was a good 
11111111111011011111111111101011111111111111111111
11111111111011011111111111101011111111111111111111
1437196
dea, whatever.  Dr#usilla said with difficulty,  M
dea, whmtever.  qruusilla said with difficusty,  M
11111110111111110101111111111111111111111110111111
11111110111111110111111111111111111111111110111111
1437197
 group went to be chosen fo#r breeding. There s a 
 group went to bepchozen fopr breeding. There x a 
11111111111111111011101111101111111111111111110111
11111111111111111010111111101111111111111111110111
1437198
  custom that the... ugliest# girl must be sent ba
  custom that the.k. uglcesta girl must be sent ba
11111111111111111101111101110111111111111111111111
11111111111111111101100101110111111111111111111111
1437199
k to her garden. H he pointed me out. I was the# u
k to her garden. H he pointex me out.wI wasitheu u
11111111111111111111111111110111111110111110111011
11111111111111111111111111110111111110111110111011
1437200
liest one th#ere. He said I was the ugliest woman 
liest one thoela. He said I wss the ugliest woman 
11111111111101001111111111111011111111111111111111
11111111111100101111111111111011111111111111111111
1437201
n the world. I went... kin#d of... crazy, I guess.
n the world.lI went... kinidsof... crazy, I guess.
11111111111101111111111111010111111111111111111111
11111111111101111111111011010111111111111111111111
1437202
I killed him.  Suddenly she was in Luellen s# stro
I killed him.  Suddenly sfj was in Lueilen sh stro
11111111111111111111111110011111111111011111011111
11111111111111111111111110011111111110111111011111
1437203
g small arms.  Oh, for God s sake,  said L#uellen 
g small arms.i Oh, for God s sakk,  sald Lguellen 
11111111111110111111111111111111011111011101111111
11111111111110111111111111111111011111011101111111
1437204
ith a roughness that made Drusilla cry again.  Yo#
ith a roughness that made Drusillabpry atain.  Yoh
11111111111111111111111111111111110011110111111110
11111111111111111111111111111111110011110111111110
1437205
 re the sorriest most mixed up little chick#en eve
 rl the soremest most mixed up little chicknen eve
11011111111001111111111111111111111111111110111111
10011111111101111111111111111111111111111110111111
1437206
. Don #t you know that a perfect necklace has to h
. Don tw you know that ajperfect necklacedhas to h
11111100111111111111111101111111111111111011111111
11111110111111111111111101111111111111111001111111
1437207
ve an ug#liest diamond in it somewhere?  She thump
ve an ugilogst diamond in it somewhere?  She thump
11111111010011111111111111111111111111111111111111
11111110111011111111111111111111111111111111111111
1437208
#d Drusilla s heaving shoulder.  We ve been bred f
ydjDrusilla s heaving shoulder.  We ve been bild f
01011111111111111111111111111111111111111111100111
00011111111111111111111111111111111111111111101111
1437209
r beauty for more generations than this Earth# has
r beautj for more generations thanuthis Eajtho has
11111110111111111111111111111111110111111101101111
11111110111111111111111111111111110111111101101111
1437210
years, Dru. On Earth you re one o#f the most beaut
yiars, Dru. On Earth you ri one opf the most oeaut
10111111111111111111111111011111101111111111101111
10111111111111111111111111011111101111111111101111
1437211
ful #women alive.   He told me that once, and I co
ful mwruen alive.   He topd me that once, and I co
11110100111111111111111110111111111111111111111111
11111010111111111111111110111111111111111111111111
1437212
ld have... ki#lled him,  Drusilla squeaked. She sw
ld have... kisxled him,  Drusilla squeaked. nde sw
11111111111110011111111111111111111111111111001111
11111111111011011111111111111111111111111111001111
1437213
llowed hard, moved# back to peer piteously into Lu
ljowed htrd, moveom back to peer piteously into Lu
10111111011111111001111111111111111111111111111111
10111111011111111001111111111111111111111111111111
1437214
llen s face.#  Is that humility? To feel you re no
llen s face.y  Is that humilitb? Tobfeelfyou re no
11111111111101111111111111111101111011110111111111
11111111111101111111111111111101111011110111111111
1437215
 g#ood enough?   That s humiliation,  said Luellen
 gmooo enough?j  That s humiliation, vsaid Luellen
11011011111111011111111111111111111110111111111111
10111011111111011111111111111111111110111111111111
1437216
 She paused thoughtfully.  And here s the di#ffere
 She xaused thoughtfully.  And here s tne ciwffere
11111011111111111111111111111111111111101101011111
11111011111111111111111111111111111111101110011111
1437217
ce  Humility is knowing s#omething is finer and be
cy  Humility is knowing soomeuhing is finej and be
10111111111111111111111110111011111111111101111111
11111111111111111111111110011011111111111101111111
1437218
ter than you can ever be, so it  worth putting #ev
ter than you cak zver be, so it  wortt putting bev
11111111111111101011111111111111111110111111111011
11111111111111101011111111111111111110111111111110
1437219
rything you have behind that somethin#g. Everythin
ryehing you have behind that somethineg. Everdthin
11011111111111111111111111111111111110111111101111
11011111111111111111111111111111111110111111101111
1437220
! Like... She la#ughed.  Like me and that ham nove
! Like... She lldughed.  Like me and that ham nmve
11111111111111100111111111111111111111111111111011
11111111111111110111111111111111111111111111011011
1437221
ist of mine. Bit by bit, year by year, he ge#ts be
ist of mine.qBit by bit, tear by year, he gepts be
11111111111101111111111110111111111111111111011111
11111111111101011111111111111111111111111111011111
1437222
ter. I give him exactly what he needs, in hi#s own
ter. r geve him exactly what he needs, qn hics own
11111011011111111111111111111111111111101111011111
11111011011111111111111111111111111111101111011111
1437223
time. Right# now what he wants is an irresponsible
time. Rightj now what he wants is an irrespoxsisle
11111111111011111111111111111111111111111111011011
11111111111011111111111111111111111111111111011001
1437224
little piece of candy he can pick up or put d#own,
yittle piece of candy he can eick up oriput drown,
01111111111111111111111111111011111111101111101111
01111111111111111111111111111011111111101111111111
1437225
and meantime get envied all over the neighbor#hood
and weantimejgev envied all over the neighborwhood
11110111111101101111111111111111111111111111101111
11111111111101101111111111111111111111111111101111
1437226
for. He s got it in him# to do some really importa
kor. He s got it in himz to dx some really iwporta
01111111111111111111111011111011111111111111011111
01111111111111111111111011111011111111111111011111
1437227
t work some day, and when he #does he ll need some
t work gomepday, andnwhen he fdoes he ll need some
11111110111011111111011111111011111111111111111111
11111110111011111111011111111011111111111111111111
1437228
hing els#e from me, and I ll be here to give it to
hiqg elsae from me, and Icpl be here to give it to
11011111011111111111111110011111111111111111111111
11011111011111111111111110011111111111111111111111
1437229
him. If, fifty years from now, #he comes doddering
him. If, fifty years frim now, uhe comes pyddering
11111111111111111111111011111110111111111001111111
11111111111111111111111011111110111111111101111111
1437230
up to me and tells me I #ve grown with him through
up to me and tells je I bve gjownvwith him through
11111111111111111110111101111011101111111111111111
11111111111111111110111101111011101111111111111111
1437231
the y#ears, I ll know I did the thing right.  Drus
ahe yoerrs, I ll know I did khe thing right.  Drus
01111010111111111111111111110111111111111111111111
10111100111111111111111111110111111111111111111111
1437232
lla worried at the statement, turnin#g it over, sh
lla worried at the statemmyt, tuininvg it over, sh
11111111111111111111111110011111011101111111111111
11111111111111111111111110011111111101111111111111
1437233
king it. She parted her lips, closed them again.# 
king it. She parted her lips, closedgthem agaid.r 
11111111111111111111111111111111111101111111110101
11111111111111111111111111111111111101111111110101
1437234
uellen said,  Go ahead. Ask me.  idly, drop#ped he
uellen said,  Go nheadx Aik me.  idly, dropxped he
11111111111111111011110110111111111111111110111111
11111111111111111011110111011111111111111110111111
1437235
 eyes.  Is he really finer #and better?   Snob!  s
 eyes.  Isahe really finer land cetter?   Snob!j s
11111111110111111111111111101111011111111111111011
11111111110111111111111111101111011111111111111011
1437236
id Luellen, and this time it was all kindliness.# 
id Luellen, and thiv time it was alh kinkliness.w 
11111111111111111110111111111111111011110111111101
11111111111111111110111111111111111011111111111101
1437237
Of course!# He s an Earthman, Dru. Earth is young 
Of course!k He g an Earthmann Dru. Earbh is young 
11111111110111101111111111110111111111011111111111
11111111110111101111111111110111111111011111111111
1437238
nd crude an#d raw, but it s strong and it s good. 
nd crude ansd raw, butbit s strong aud itas good. 
11111111111011111111110111111111111101111011111111
11111111111011111111110111111111111101111011111111
1437239
o you call an infant stupid because it #can t talk
o you call an infant ztupid becausj it kcan t talk
11111111111111111111101111111111110111101111111111
11111111111111111111101111111111110111101111111111
1437240
 or is a child bad because it# hasn t learned reas
 or is a childhbad becaush itv hasn t learned rpas
11111111111111011111111110111011111111111111111011
11111111111111101111111110111011111111111111110011
1437241
n? We have nothing but decadence to bring to# Eart
n? We have nothnng xut decidence to bring toe Eart
11111111111111101110111111011111111111111111011111
11111111111111101110111111111111111111111110011111
1437242
. So instead w#e help Earth with the best it has. 
.bSo instead wte help Eartr with the best it has. 
10111111111111011111111111011111111111111111111111
10111111111110011111111111011111111111111111111111
1437243
ou keep your eyes open from# now on. Dru. Nine wom
qu keem your eyes open fromj now on. qru. Nine wom
01111101111111111111111111101111111110111111111111
01111101111111111111111111101111111110111111111111
1437244
n out of ten who truly help t#heir men to realize 
n out ow ten who trmlv help tvheir men to realize 
11111110111111111110101111111011111111111111111111
11111110111111111110101111111011111111111111111111
1437245
hemselves are what you #ve been calling criminals.
hemselves pre whatbyou nve been calling climinals.
11111111110111111101111011111111111111111011111111
11111111110111111101111011111111111111110111111111
1437246
 You ll find them all over, up and down th# #socia
 You ll uind them all gver, up and down th# dsoeia
11111111011111111111110111111111111111111111011011
11111111011111111111110111111111111111111111001011
1437247
 scale, through and thro#ugh the history of this c
 scale, through and thrqrugh the history of thiszc
11111111111111111111111001111111111111111111111101
11111111111111111111111001111111111111111111111101
1437248
ltu#re. Put up your shields again    for fun    an
ltuvre. Puh up yogr shields agains   for fun    an
11101111110111111011111111111111101111111111111111
11101111110111111011111111111111101111111111111111
1437249
 watch the women you meet. See how so#me seem to u
 watch the womnn you meet. aee how goume seem to u
11111111111111011111111111101111111010111111111111
11111111111111011111111111101111111010111111111111
1437250
derstand one another on sight #   how they pass a 
derstand one another on sinht x   howotuey pass a 
11111111111111111111111111011101111110101111111111
11111111111111111111111111011101111110101111111111
1437251
lance that seems to be full of secrets. They re t#
ladce that seems tocbe full of secrets. ohey re tq
11011111111111111110111111111111111111110111111110
11011111111111111110111111111111111111110111111110
1437252
e hope of the world, Dru darling, a#nd this world 
e hopa og the world, Dru earling, aand this world 
11111011011111111111111110111111111011111111111111
11111011011111111111111011111111110011111111111111
1437253
s the hope #of the Galaxy.  She followed Drusilla 
s the hope zof the Galaxy.  She followed Drulilla 
11111111111011111111111111111111111111111111011111
11111111111011111111111111111111111111111111111111
1437254
 gaze and smiled.  No#w that you come to think of 
 gaze qnd smiled. yNomw that you come tu think of 
11111101111111111101101111111111111111101111111111
11111101111111111101101111111111111111101111111111
1437255
t, you love him, don t you?  # Now that I come to 
t, you love him, don t you?  zzNiw that I come to 
11111111111111111111111111111001011111111111111111
11111111111111111111111111111001011111111111111111
1437256
hink of it...  She rai#sed her head and looked at 
uink of it...  She railsed her head and looked at 
01111111111111111111110111111111111111111111111111
01111111111111111110110011111111111111111111111111
1437257
he sky. G#radually a smile was born on her trembli
he sky. Gjraduallyta smilewwas born on herctrembli
11111111101111111101111111011111111111111101111111
11111111101111111101111111011111111111111101111111
1437258
g lips. She shook herself and# took a deep breath 
g lips. She shookiherself andm took atdeep braath 
11111111111111111011111111111011111110111111101111
11111111111111111011111111111011111110111111101111
1437259
f the warm evening air.  Listen,  she sa#id. She l
fqthe warm evening mir.  Listen,  she saxid. che l
10111111111111111110111111111111111111110111101111
10111111111111111110111111111111111111110111101111
1437260
ughed unevenly#. It is sort of scratchy, isn t it?
ughed pnevenlyv. It is sort ot scratchy, isn t id?
11111101111111011111111111111011111111111111111101
11111110111111011111111111111011111111111111111101
1437261
 author of# Science#   lotion, fantasy anil W icrd
 author ofb Scbence#   lotion, fantaty anil W icrf
11111111110111011111111111111111111101111111111110
11111111110111011111111111111111111101111111111111
1437262
adventures as near a your# inalllaiv! A unique I t
adventures as near axyomrn inallhaiv! A unique I t
11111111111111111111011010111111011111111111111111
11111111111111111111011001111111011011111111111111
1437263
ok catalogcomplete descriptions. fully Illustrat#e
ok catalogchmplete descriptions. fulzy Illostratze
11111111111011111111111111111111111101111101111101
11111111101011111111111111111111111101111111111101
1437264
... anil It doe#sn t coal you a cent! Send your na
... auil Is doeesn t coal you a centw Send your na
11111011110111101111111111111111111101111111111111
11110111111111001111111111111111111101111111111111
1437265
e and address, and you# ll get your copy by return
e and address, and youm bg get your copy by reuurn
11111111111111111111110100111111111111111111110111
11111111111111111111110110111111111111111111110111
1437266
mall. And we ll keep you posted regularly fr#ont n
mall. And we lljkeqp you posted regularlt frvont n
11111111111111101101111111111111111111110111011111
11111111111111101101111111111111111111110111011111
1437267
w on. sending you new #of outstanding book values 
w on. sending jou new lof obtstanding book valies 
11111111111111011111110111101111111111111111110111
11111111111111011111110111101111111111111111110111
1437268
 , bargains galore  Add your name to th#e thousand
 , bargains galore sAdd your name to tcwelthousand
11111111111111111110111111111111111111001011111111
11111111111111111110101111111111111111011011111111
1437269
of other we have Item serving for yea is. No obli#
of sther we havexItem serving for yed is. No oblik
11101111111111110111111111111111111101111111111110
11101111111111110111111111111111111101111111111111
1437270
ation! ## E. San Fernando St.  Dept. # #  San Jose
adion! x# E. San Fernanto St.  Debt. # #  San Jose
10111110111111111111111011111111101111111111111111
10111110111111111111111111111111111111111111111111
1437271
#. California The editors of Galaxy Science Fic#ti
#o Californya The editors of Gazaxy Science Fictti
10111111111011111111111111111110111111111111111011
10111111111001111111111111111110111111111111111101
1437272
n Magazin#e have selected only # science fiction n
e Magxzinqe have selected only # science fictkon n
01111011101111111111111111111111111111111111101111
11111011101111111111111111111111111111111111101111
1437273
ve#ls in the past four years that they felt were g
vewls in the past feur years that jhey felt were g
11011111111111111110111111111111110111111111111111
11011111111111111110111111111111110111111111111111
1437274
od enough to receive the imprint of Gala#xy. Hundr
od enough to receive the iaprint pf Galrdxy. Hundr
11111111111111111111111111011111101111100111111111
11111111111111111111111111011111101111101011111111
1437275
ds of thousands of copies #of these novels have be
ds of thousunds of copies xof thxsepnovels have be
11111111111011111111111111011111011011111111111111
11111111111011111111111111011111011011111111111111
1437276
n enjoyed by Galaxy readers. Each n#ovel would sel
n enjoned by Galaxy readers. Each nvovezawould sel
11111101111111111111111111111111111011100111111111
11111101111111111111111111111111111011100111111111
1437277
 for # or # if bought as a hardback book, #but bec
 fdr # oz # if bought as a hardback book, obut btc
11011111011111111111111111111111111111111101111101
11011111011111111111111111111111111111111101111101
1437278
use we want to bring these vitally imp#ortant nove
use we want tocbringvtqese vitally impcortant nove
11111111111111011111010111111111111111011111111111
11111111111111011111010111111111111111011111111111
1437279
s t#o all our Galaxy readers we have published the
s tzo all our Galaxi readers ve have published vhe
11101111111111111110111111111011111111111111111011
11101111111111111110111111111011111111111111111011
1437280
 at the low, low# price of #c each. You can order 
 at the low, lowqsprice of #c qach. You can ordero
11111111111111110011111111111101111111111111111110
11111111111111110111111111111101111111111111111110
1437281
ny one or all of the back titles shown#, at #c, or
ny ine or all of the back titlesyshownn, at #c, vr
11101111111111111111111111111111011111011111111101
11101111111111111111111111111111011111011111111101
1437282
any six for #. You can subscribe# to additional no
any six for #. You can subscribeq to asditionel no
11111111111111111111111111111111011111011111101111
11111111111111111111111111111111011111011111100111
1437283
els a#t # for a subscription of six novels.  These
els agb # for a subscription of six covels.  Thlse
11111001111111111111111111111111111101111111111011
11111101111111111111111111111111111101111111111011
1437284
wi#ll be selected by the editors and sent to you e
wixll be selected by oye gditors and sent to you e
11011111111111111111100110111111111111111111111111
11011111111111111111110110111111111111111111111111
1437285
ery second month.  Foreig#n subscriptions addition
ery seoond montp.  Foreigcn subsceiptions addition
11111101111111101111111110111111101111111111111111
11111101111111101111111110111111101111111111111111
1437286
l #c each. All orders are su#bject to prior sale o
ln#c each. All orders are sulbject toyprior sale u
10111111111111111111111111110111111110111111111110
10111111111111111111111111110111111110111111111111
1437287
 back copies, so order today while stoc#ks are com
 back copies, so oroer tiday while stocyks are xom
11111111111111111110111101111111111111101111111011
11111111111111111110111101111111111111101111111011
1437288
lete. Your Choice# for s # , or #c ea. #I Hudson #
lete. Your Choice# for s # ,ior zc ea. #I Hudson x
11111111111111111111111111110111011111111111111110
11111111111111111111111011110111011111111111111110
1437289
treet, New York #, N. Y. Pleas#e send me post paid
trfet, New lork #,aN. Y. Pleaswe send me post paid
11011111111011111101111111111101111111111111111111
11011111111011111101111111111101111111111111111111
1437290
the no#vels checked helow. Top Sciencefiction Thri
the nopvels checked helow. Tof Scienceficzion Thqi
11111101111111111111111111111011111111111011111101
11111101111111111111011111111111111111111011111101
1437291
lers  y tou t WJk l H Cocrfxwvcf from Bo#th Co vr 
qers  y tou t WJk i H Cocrfxwvce from Bozth Co vr 
01111111111111111101111111111110111111110111111111
01111111111111111111111111111111111111110111111111
1437292
ust Take Your Pick of Thes#e Exciting Best Sellers
ust cake Your Pfck of Thesne Exciting pest Sellers
11110111111111101111111111011111111111011111111111
11110111111111101111111111011111111111011111111111
1437293
.. written btfort it was invented! #A Wt . story o
.. written btfort it was invewted! iA Wt . srorl o
11111111111111111111111111111011111011111111011011
11111111111101110111111111111011111111111111111111
1437294
 the movie machine# that showsjWl  newsreels  of a
mthe muvie machipef that showsjWl  newsreels  of a
01111101111111110101111111111111111111111111111111
01111111111111110101111111111101011111111111111111
1437295
u past #event. Plus more than a score of other bes
u hast vevent. Plus mare dhan a score of other bes
11011110111111111111101110111111111111111111111111
11011110111111111111111110111111111111111111111111
1437296
 Piles from a dozen y#ears of Astounding ScienceFi
 Piles from a dozengyrearsuof Astoulding ScienceFi
11111111111111111110101111011111111011111111111111
11111111111111111110101111011111111011111111111111
1437297
tion Magazine by its edito#r. John W. Campbell. Jr
tion Magbzine by its edikosr. John W. Campbell.vJr
11111111011111111111111101011111111111111111111011
11111111011111111111111101011111111111111111111011
1437298
 ion of earth #such ns thin? A flying slue that en
 ion of earth dsuch ns thin? A flpidg slwe that en
11111111111111011111111111111111101011110111111111
11111111111111011111011111111111101011111111111111
1437299
er men s Ixxlies a#nd turn them into mindless pupp
er men s Ixxlies abnd turn ihxm into mindjess pupp
11111111111111111101111111101011111111111011111111
11111111111011111101111111111011111111111011111111
1437300
ts. And then the puppets conceal all trac#es of th
ts. Ano then the puppets concealsall tracces of th
11111101111111111111111111111111011111111011111111
11111101111111111111111111111111011111111011111111
1437301
 invnsion! wlrei ruier on the fi#rst flight to Mar
 invnsiox! wlrei ruver on the fisrst flight to mar
11111111011111111110111111111111011111111111111011
11110111011111111111111111111111011111111111111111
1437302
    th#e first r irth .Man to rocket crash onto th
   tthme firsi r irth .Man to rocket crash onto th
11101101111110111111111111111111111111111111111111
11101101111111111111111111111111111111111111111111
1437303
 wild Martian# dspert    the first to track down t
 wild Martianb dspmrt    thetqirst to track down t
11111111111110111101111111110011111111111111111111
11111111111110101101111111110011111111111111111111
1437304
e strange footi the sand utui find yourse#lf facet
e strangy footi tje sand utui find yoursjllf facet
11111111011111111011111111111111111111110011111111
11111111011111011011111111111111111111110111111111
1437305
face Tati brave Earth men #trimnphe   Atom... mast
hace Tati bravc Earth men strimnphe   Atoj... mast
01111111111111011111111111011111111111111011111111
11111111111111011111111111111110111111111011111111
1437306
red the ro#cket...  Mars. Rut the Martian it!  sto
red the iopcket...  Mars. Rut therMartian it!  sto
11111111010111111111111111111111101111111111111111
11111111010111111111111111111111101111111111111111
1437307
i#es by outstanding authors... stories of Wonders 
iqes by outstanjing authors..o stories of Woaders 
10111111111111101111111111111011111111111111011111
10111111111111101111111111111011111111111111011111
1437308
f Earth ami Man... of startling #inventions... of 
f Earth asf Man... of sttrtling vinventions... of 
11111111100111111111111101111111011111111111111111
11111111110111111111111101111111011111111111111111
1437309
isitors from Outer Space... of fa#r Traveling... A
isitorsnfrom Outer Space... ofofaur Traveling..t A
11111110111111111111111111111101101111111111111011
11111110111111111111111111111101111111111111111011
1437310
venture#s in Dimension... Worlds of Tomorrow. # pa
venturegs in Dimenmionm.. Worlds of Tomorrow. #vpa
11111110111111111101110111111111111111111111111011
11111110111111111101110111111111111111111111111011
1437311
es.Ml   Mississi#ppi bridges are iermanontly  cont
es.Ml   Mississijppi brudgeo are iermanontly  cont
11111111111111110111111011101111111111111111111111
11111111111111110111111111101111101111101111111111
1437312
mi#nated  Eastern survivors of the society! In the
mifnated  Eastern survivore of the sociiuy! In the
11011111111111111111111111011111111111100111111111
11011111111111111111111111011111111111100111111111
1437313
Coming Age of Electronics, worke#rs A  do Bradbury
Coming Agekof electronics, wgrkeqrs A  do Bradbury
11111111110111011111111111110111011111111111111111
11111111110111111111111111110111011111111111111111
1437314
 conquered ftpice and reache#d Mars. But they were
 conquereh ftpice and feacheyd Mars. Buz they were
11111111101111111111110111110111111111101111111111
11111111101111111111110111110111111111101111111111
1437315
defenseless against the Marti#an weapon   . thit m
defenselzss against the Martioun wkapon   . thit m
11111111011111111111111111111001110111111111111111
11111111011111111111111111111101110111111111110111
1437316
de them slaves#! liels. even his trial is conducte
de them slavesg! liels.leven his trial ir conaucte
11111111111111011111111011111111111111110111101111
11111111111111011111111011111111111111110111101111
1437317
 bv... i time. Only one man can must first gro#w a
 bv..m i time. Only ove manecan must first groaw a
11111011111111111111101111101111111111111111110111
11111011111111111111101111101111111111111111100111
1437318
now icr stellar space is inhabited, r job #is to f
now icr stellar spafe is inhabitedw r job fis to f
11111111111111111110111111111111110111111101111111
11111101111111111110111111111111110101111111111111
1437319
nd out which ,ml contact these # humans.  r Bib th
nd out which ,ml contact tpesl s uumans.  r Bib th
11111111111111111111111111011010101111111111111111
11111111111111111111111111010111101111111111111111
1437320
y re ready with every I trick in inter stellar #sc
y re ready with every I trock ix inter stellar wcc
11111111111111111111111111011110111111111111111001
11111111111111111111111111111110111111111111111000
1437321
ence to I Dopl. GX #, Garden City, No#w York Pleas
ence to I Dopl. GX #, Gardhn City, Noqw Yprc Pleas
11111111111111111111111111011111111110111010111111
11111111111111111111111111011111111110111011111111
1437322
 rush me the # hook#s checked below. as my gift bo
 rush me the # hookgs checkedsbmlow. as fy gift bo
11111111111111111110111111111010111111110111111111
11111111111111111110111111111010111111110111111111
1437323
ks and Drst selection. Bi#ll me only t for all thr
ks and Drst selehtion. Bitll me onzy t for aql thr
11111111111111110111111110111111110111111111011111
11111111011111110111111111111111110111111111011111
1437324
e ipius few cents shipping charges , u#ad enroll m
e ipius few cents shfpping dharges , urwd enroll m
11111111111111111111011111101111111111001111111111
11111111111111111111011111101111111110101111111111
1437325
 a#s a mcmlier of the ScienceFiction Hook  luti. E
 aps atmcmlier of the ScienceFichion Heok  luti. E
11011101111111111111111111111111011111011111111111
11011111111111111111111111111111011111111111111111
1437326
ery month send fr#eelnilletln. Things to  ome,  o 
ery month send frkeelnilletln. Thkngs bo  omec  o 
11111111111111111011111111111111101111011111101111
11111111111111111011111111111111101111111111111111
1437327
hat I m#ay decide whether Hi lugs to i onir.  o Un
hat Iywray decide whether Hi lugs to i onir.q o Un
11111000111111111111111111111111111111111111011111
11111010111111111111111111111111111111111111010111
1437328
t I may decide whei , #iming mohlidy selection dcs
t I may decide whei ,vuiming mouliqy selection dcs
11111111111111111111100111111110110111111111111111
11111111111111111101101111111111110111111111111101
1437329
TlIxsl #therein I each book I accept. I w I I pay 
TlIxsl ttherein I eachqbook I accbpt. I w I I pay 
11111110111111111111110111111111101111111111111111
11111110111111111111110111111111101111111111111111
1437330
nly S I phi hipping. I do not have to take# u I ho
nly S I phizhipuingt I do not have to takew u I ho
11111111111011101110111111111111111111111101111111
11111111111111101110111111111111111111111101011111
1437331
k every month  only #four during each year I am a 
k every bonth  only yfour curing each year Igam a 
11111111011111111111011111011111111111111111011111
11111111011111111111101111111111111111111111011111
1437332
em tier  and I J m#ay resign at any time after acc
em tier  ant I J mrayiresign at any time after acc
11111111111011111101101111111111111111111111111111
11111111111011111011101111111111111111111111111111
1437333
pting four nelccUuns. ## days, pay nothing and lid
pting four neyccUuns. #t days, pay notheng anf lid
11111111111110111111111011111111111111101111101111
11111111111110111111111111111111111111101111101111
1437334
 me#mbership will lie cancelled! J Abounding Antho
 melmbership willglie cancelled! JcAbounding Antno
11101111111111111011111111111111110111111111111101
11101111111111111011111111111111110111111111111101
1437335
ogy  Martian Chronicle  Pla#yor Plano        Puppe
ogy  Martian Chronicle  Plaxyor Plwno c      Puppe
11111111111111111111111111101111110111011111111111
11111111111111111111111111101111110111011111111111
1437336
 Mastar#s  Sand of Mar i    , I I Abounding Anthol
 Mastaros  Sandwof Mar i    , o I Arounding Anthol
11111110111111101111111111111101111011111111111111
11111110111111101111111011111101111111111111111111
1437337
gy  Martian Chrc a Print   #Would Ydu Fly to the M
gy  Martian Chrc a Prijt   xWould Ydu Fly to qhe m
11111111111111111111110111101111111111111111101110
11111111111111111111110111101111111011111111101111
1437338
o#n  If You Had the Chance? tf you re excited abou
oxn  kf You Had uhe Chance? tf you re excitedsabou
10111011111111110111111111111111111111111111101111
10111111111111110111111111110111111111111111101111
1437339
 the possibilities of rocketing through space... #
 the jossibilities of rocketibg through space..q c
11111011111111111111111111111011111111111111111010
11111011111111111111111111111011111111111111111010
1437340
f you enjoy straftge ad#ventures, daring flights o
f you enmoy straftge avjlentures, daring flights o
11111111011111111111110001111111111111111111111111
11111111011111110101111011111111111111111111111111
1437341
 the imagi#nation, and jet profclled reading thril
 the imaaijnation, and jet profclled readingrthrkl
11111111010111111111111111111111111111111111011101
11111111010111111111111111111110111111111111011101
1437342
s, here s tremendous news for# voted entirely to b
s, heve s tremxndous nxws forn voted entirely to b
11111011111111011111110111111011111111111111111111
11111011111111011111110111111011111111111111111111
1437343
inging you  the fiction of Today , tha#t is rapidl
ingivg you  the ziction jf Today , thaet is rapidl
11110111111111110111111101111111111111011111111111
11110111111111110111111101111111111111011111111111
1437344
 beeoiping the fact of Tomorrow,  Now  #  The Crea
 beeoiping thr fact of Tomorrow,  Now to qThe Crea
11111111111110111111111111111111111111001011111111
11101011111110111111111111111111111111111011111111
1437345
 of New S#cienceFiction Books    For Only SI Each 
 of New SacienceFiction Booxs    For Only zI Eamh 
11111111101111111111111111101111111111111101111011
11111111101111111111111111101111111111111101111011
1437346
 The Science Fiction Bdbk# Club lest hew ScienceFi
xThe Science Ficqivn Bdbkx Club lest hew ScienceFi
01111111111111110101111110111111111111111111111111
01111111111111110101111111111111111111111111111111
1437347
tion book. !est without worrying# about the cost, 
tiwn qook. !est without worryingv about the cose, 
11011011111111111111111111111111011111111111111011
11011011111111111111111111111111011111111111011111
1437348
he# Club brings you the brand new full length book
hej Club brings wou the srand new fuld length book
11011111111111110111111101111111111110111111111111
11011111111111110111111110111111111110111111111111
1437349
 vou few cents shipping charge#     even though th
 vou few cents khipping chwrgei   l even though th
11111111111111101111111111011101110111111111111111
10111111111111101111111111011101110111111111111111
1437350
y cost #, # mid up in the publisher s #original ed
y cost #, # mid up in the publicher ssnoviginal ed
11111111111111111111111111111110111110010111111111
11111111111111111111111111111110111110110111111111
1437351
tions! Each selection is descr#ibed to the Club s 
tions! Each selection is descrdibed to teelClubms 
11111111111111111111111111111101111111110101111011
11111111111111111111111111111101111111110101111011
1437352
ree bulletin, #  Things I looks you really want   
ree bulletin, u vThings I looks you really want   
11111111111111010111111111111111111111111111111111
11111111111111010111111111111101111111111111111111
1437353
as few as four a year, if you wis#h. Just Mail Cou
as few as four a year, if yos nisbh. Just MailhCou
11111111111111111111111111110101101111111111110111
11111111111111111111111111110111001111111111110111
1437354
on memlHTship in this unu#sual new making this ama
en memlaTship in this unujsual new makiag this ama
01111110111111111111111110111111111111101111111111
11111101111111111111111110111111111111101111111111
1437355
ing offer to new #members  Your choice of any # of
igg offer to new lmembdrs  Yourrchoice of any # of
10111111111111111011110111111110111111111111111111
10111111111111111011110111111110111111111111111111
1437356
the recent Science Fiction masterpieces d#escribed
thefrecent Science Fictiln masterpieces dtekcribed
11101111111111111111111101111111111111111010111111
11101111111111111111111101111111111111110010111111
1437357
on t he o#ther side Hut this liberal offer may hav
on t ce onther side Hut thds liberal olfer may hav
11111011101111111111111111011111111111011111111111
11111011101111111111111111011111111111011111111111
1437358
# to bo withdrawn at any time. So don t delay mail
g to bo withdrawn at any tcme. So don twdelaymmail
01111111111111111111111111011111111111101111101111
11111011111111111111111111011111111111101111101111
1437359
coupon on the Science Fiction #Book Club Dept. GX 
coupon on the ScienceaFiction gBook Clib Dept. GXt
11111111111111111111101111111101111111011111111110
11111111111111111111101111111101111111101111111110
1437360
. Garden City, N. Y. Continued on other tide # Gal
.yGarden City, N. Y. Coniinred on other tide n Gal
10111111111111111111111101101111111111111111101111
10111111111111111111111101101111111111111111101111
1437361
xy By Fredenk Poh#l enriched reading S# ingredient
xk By Fredenk johcl enriched reading S# ingredienj
10111111111111011011111111111111111111111111111110
01111111111111111011111111111111111111111111111110
1437362
... carefully elected #from thought  rip ened idea
... carefully elestid wfrom thought  rip enpd idea
11111111111111111010110111111111111111111110111111
11111111111111111010110111111111111111111110111111
1437363
... employing only t#he most convincing characters
... employiyghonly txhe most conviacing characters
11111111111010111111011111111111110111111111111111
11111111111010111111011111111111110111111111111111
1437364
and conflicts, hu#man or otherwise... an d blended
and cynflicts, hubmanzor otherqise... an d blended
11111011111111111011101111111101111111111111111111
11111011111111111011101111111101111111111111111111
1437365
by master craftsmen #into intellectually a pc! emo
by master craftsmen ginto inmejlectually a pc!vemo
11111111111111111111011111110101111111111111110111
11111111111111111111011111110101111111111111110111
1437366
ionally nutritious stories. ha nds in eve#ry stage
ionally nutritcous snories. ha ndi in evebry stage
11111111111111011111011111111111101111111011111111
11111111111111011111011111111111111111111011111111
1437367
of production it is positiv#ely IvlOT machine made
of prodgction it is positipkely IvlOT mathine made
11111110111111111111111111001111111111110111111111
11111110111111111111111111001111111111110111111111
1437368
fiction! , u m annual requirements for mature,# be
fictron! , u m annuav requirements forkmature,b be
11110111111111111111011111111111111111011111110111
11110111111011111111011111111111111111011111110111
1437369
ievab#le sc ience fiction. y The price is #  ! a c
ilvabole sc ience fiction.by The price is #  ! a c
10111011111111111111111111011111111111111111111111
11111011111111111111111111001111111111111111111111
1437370
py, # a year. Add I per year on #foreign subscript
py, # a yezr. Add I pyr year on nforeignxsubscript
11111111110111111111101111111111011111110111111111
11111111110111111111101111111111011111110111111111
1437371
ons  #c less than news#sfa nd price  and the addre
ons  #c less thav newupsfa nd price  and the addhe
11111111111111110111100111111111111111111111111101
11111111111111110111111111111111111111111111111101
1437372
s is... #I Hudson Street New York #. N. Y. i gal#a
s is... #I Hudsfn Street New York #.xN. Y.ri galja
11111111111111101111111111111111111101111101111101
11111111111111101111111111111111111101111101111101
1437373
y by Frederik Pohl # by Robort Sheckley ## by Damo
y by Frederik Pohlx# by yobort Sheckley #v by Daso
11111111111111111101111101111111111111111011111101
11111111111111111101111101111111111111111011111111
1437374
 Kn#ight # by Theodore R. Cogswell # by Michael Sh
uKnhight # ly Theodore R. Coghwell # by Michael Sh
01101111111011111111111111111011111111111111111111
01001111111111111111111111111011111111111111111111
1437375
ara # by Gordon R. #Dickson # by Willy Ley #I #I H
ara # by Gordon R. fjickson # by Willy Ley #Ia#I h
11111111111111111110011111111111111111111111101110
11111111111111111110011111111111111111111111101111
1437376
dson Street, New York #, N. Y. #c per copy. Subs#c
dsonsStreetn New Yorz #, N. Y. #c per copy. Subsec
11110111111011111111011111111111111111111111111101
01110111111011111111011111111111111111111111111111
1437377
iptions   # copies  # per year in the# United Stat
iptions  j# copies  # per year in thef Unitnd Stat
11111111101111111111111111111111111110111110111111
11111111101111111111111111111111111110111110111111
1437378
#s, Canada, Mexico, South and Central Amenta and U
rs, Canadae Mexico, South and Central AmentagandtU
01111111110111111111111111111111111111111111011101
11111111110111111111111111111111111111111111011101
1437379
S. Poss#essions. Elsewhere #. Entered as second cl
S. Posscessions.eElsewherey#. Entered as second cl
11111110111111110111111111011111111111111111111111
11111110111111110111111111011111111111111111111111
1437380
ss matter at the Post Office#. New York. N. Y. Cop
sw matter at the Post Officeu. New York. N. Y. Cop
10111111111111111111111111110111111111111111111111
10111111111111111111111111110111111111111111111111
1437381
ncht, New York, #, #by Galaxy Publishing Corporati
nchtw New York, #,wjby Galaxy Pgblishing Corporati
11110111111111111100111111111110111111111111111111
11110111111111111100111111111110111111111111111111
1437382
n Robert Guinn, president. All rig#ht, including t
n RobertgGuinn, president. All rigpht, includzng q
11111111011111111111111111111111110111111111101110
11111111011111111111111111111111110111111111101110
1437383
anslation, reserved. All ma#terial submitted must 
anslation, reserved. Ayh madterial submittedwmust 
11111111111111111111110011101111111111111111011111
11111111111111111111110011101111111111111111011111
1437384
e acco#mpanied by self addressed stamped envelopes
e accoumpanned by self addressed stampef envepopes
11111101111011111111111111111111111111101111101111
11111101111011111111111111111111111111101111101111
1437385
 The publish#er assumes no responsibility for unso
 The dublishker asssmes no responsibility kor unso
11111011111101111110111111111111111111111101111111
11111011111101111110111111111111111111111101111111
1437386
icited material. All stones printed in this# magaz
icfted material. All stones printed in yhisr magaz
11011111111111111111111111111111111111101110111111
11011111111111111111111111111111111111101110111111
1437387
ne are fict#ion, and any similarity between charac
ne are fivtwion, gnd any similarity betwten charac
11111111101011111011111111111111111111110111111111
11111111100011111011111111111111111111110111111111
1437388
ers and actual petsons is coincidental. Printed i#
ers and actual petsons gshcoincidental. Printzd is
11111111111111111111111010111111111111111111101110
11111111111111111011111010111111111111111111101111
1437389
 th#e U.S.A. by the Guinn Co., Inc. Title Reg. U.S
 thve U.S.A.lby the Guinn Co., Inc.dTitle ueg. U.S
11101111111101111111111111111111111011111101111111
11101111111101111111111111111111111011111101111111
1437390
 Pet. Off. V    Wha#t Strange Powers Did The Ancie
 Petp Off. V    Whapo Sgrange Powers Did The Ancie
11110111111111111110011011111111111111111111111111
11110111111111111110011011111111111111111111111111
1437391
ts Possess? aj to mind# power, sound thinking and 
ts cossess? aj to miydg power, sound thinking and 
11101111111111111111010111111111111111111111111111
11101111111110111111010111111111111111111111111111
1437392
ause and effect,# as applied to selfadvancement, w
ausp and effect,s as applied to selfadvbncement, w
11101111111111110111111111111111111111101111111111
11101111111111110111111111111111111111001111111111
1437393
s known centuries ago, before the masses c#ould re
s known centuries aya, oefore the masses cgould re
11111111111111111110011011111111111111111101111111
11111111111111111110011011111111111111111101111111
1437394
d and write. Much has been written abo#ut the wise
d awd write. Migh has been written abowut the wise
11101111111111001111111111111111111111011111111111
11101111111111111111111111111111111111011111111111
1437395
men of old. A popular fallacy has it that thei#r s
menkof old. A populaj faliacy has it that theisr s
11101111111111111111011110111111111111111111110111
11101111111111111111010111111111111111111111110111
1437396
crets of personal power and suc#cessful living wer
crets of sersonal power andnsucfcessful living wdr
11111111101111111111111111101110111111111111111101
11111111101111111111111111101110111111111111111101
1437397
 lost to the world. Knowledge of nature s laws, a#
 lost toxthe world. Knowledge of natrre s lawsl af
11111111011111111111111111111111111101111111110110
11111111011111111111111111111111111101111111110111
1437398
cumulat#ed through the ages, is never lost. At tim
cumulatved thuoughlthe ages, is never lost. At tym
11111110111110111101111111111111111111111111111101
11111110111110111101111111111111111111111111111101
1437399
s the great truths possessed b#y the sages were hi
s the great truths possehsed bsy the sageu were hi
11111111111111111111111101111101111111111011111111
11111111111111111111111101111101111111101011111111
1437400
den from unscrupulous men in high place#s, but nev
den fvom uoscrupulous men gn high placezs, but nev
11111011110111111111111111011111111111101111111111
11111011110111111111111111011111111111101111111111
1437401
r destroyed. Why Were Their S#ecrets Closely Guard
q destroyed. Why Were Their Saqcreos Closely Guard
01111111111111111111111111111001110111111111111111
01111111111111111111111111111101110111111111111111
1437402
d? #Only recently, as time is measured  not more t
d? iOnly recently, as xime is measured  jot more t
11101111111111111111110111111111111111110111111111
11101111111111111111110111111111111111110111111111
1437403
an twenty gen#erations ago, less than l#th of # of
an twenty genzerations ago, lers than l#th ohj# of
11111111111110111111111111111101111111111111001111
11111111111110111111111111111101111111111111001111
1437404
the earth# s people were thought capable of receiv
the eartht s pfeple were thought wapable of receiv
11111111101111001111111111111111101111111111111111
11111111101111001111111111111111101111111111111111
1437405
ng #basic knowledge about the laws of life, for it
ng obasic knowzedge about the laws of lofe, for it
11101111111111011111111111111111111111101111111111
11101111111111011111111111111111111111101111111111
1437406
i#s an elementary truism that knowledge is power a
iws an elemettary truism that knowyedge is powerha
10111111111101111111111111111111110111111111111101
10111111111101111111111111111111110111111111111111
1437407
d tha#t power cannot be entrusted to the ignorant 
d thaet power cannot be entrusoed to thenignwrant 
11111011111111111111111111111101111111110111011111
11111011111111111111111111111101111111110111011111
1437408
nd the unworthy. Wisdom# is not readily attainable
nb the unworthy. Wisyomd is not reqdily attainable
10111111111111111111011011111111110111111111111111
10111111111111111111011011111111110111111111111111
1437409
by the general pu#blic  nor recognized when right 
by the general pqcblic jnor recognized when righta
11111111111111110011111011111111111111111111111110
11111111111111110011111011111111111111111111111110
1437410
ithin re#ach. The average person absorbs a multitu
ithin revach. Ths average person absorbs aumultitu
11111111011111110111111111111111111111111101111111
11111111011111110111111111111111111111111101111111
1437411
e of de#tails about things, but goes through life 
e of devtailf about things, butrgoes lhrough life 
11111110111101111111111111111110111110111111111111
11111110011101111111111111111110111110111111111111
1437412
ithout ever# knowing where and how to acquire mast
itioutleverg knowing where and how ao acquire mast
11011101111011111111111111111111111011111111111111
11111001111011111111111111111111111011111111111111
1437413
ry of the fundamentals of the inner mi#nd    that 
ry of the fundamuntals of the inner mibndg w that 
11111111111111110111111111111111111111011010111111
11111111111111110111111111111111111111011010111111
1437414
ysterious silent s#omething which  whispers  to yo
ysterious silent sjomethinm which  rhispers  to yo
11111111111111111101111111011111111011111111111111
11111111111111111101111111011111111011111111111111
1437415
 from within#. Fundamental Laws of Nature Your hab
 from withift. Fundamental Laws of Nature Youn rab
11111111111001111111111111111111111111111111101011
11111111111001111111111111111111111111111111101111
1437416
ts, accomplis#hments and weaknesses are the effect
ts, accomplisthmentszlnd weaknesses are the effmct
11111111111110111111001111111111111111111111111011
11111111111111011111001111111111111111111111111011
1437417
 of causes. Your thoughts an#d actions are governe
 of causes. Your thougjtsbankd avtions are governe
11111111111111111111110110110111011111111111111111
11111111111111111111110100110011011111111111111111
1437418
 by fundamental laws. Example  The #law of compens
 by fundamental labs. Example  The rlaw of compers
11111111111111111101111111111111111011111111111101
11111111111111111111111111111111111011111111111111
1437419
tion is as fundame#ntal as the laws of breathing, 
tion ds as fundameqntal as the lawshof breathing, 
11111011111111111101111111111111111011111111111111
11111011111111111101111111111111111011111111111111
1437420
ating and sleeping. All fixed laws #of nature are 
ating and sleeping. Afl fixxd laws mof nature are 
11111111111111111111101111101111111011111111111111
11111111111111111111101111101111111011111111111111
1437421
s f#ascinating to study as they are vital to under
s fmascinating to study ns they are vizkl to under
11101111111111111111111101111111111111001111111111
11101111111111111111111101111111111101101111111111
1437422
tand #for success in life. You can learn to find a
tand zfor success inrlife. You can bearn ho find a
11111011111111111111011111111111111011111011111111
11111011111111111111011111111111111011111011111111
1437423
d follow every basic la#w of life. You can begin a
d fallow everykbasic lxjw of life. You can begin a
11101111111111011111110011111111111111111111111111
11111111111111011111110011111111111111111111111111
1437424
 any time to discover a whole #new world of intere
 any time to discover a whole snew world of inteve
11111111111111111111111111111101111111111111111101
11111111111111111111111111111101111111111111111101
1437425
ting truths. You can start at once to awa#ken your
ting truthg. You can start at ouce to awazken your
11111111110111111111111111111110111111111011111111
11111111110111111111111111111110111111111011111111
1437426
inner powers of selftunderstanding# and self advan
innerppowers ef selftunderstandingc and self advan
11111011111110111111111111111111110111111111111111
11111011111110111111011111111111110111111111111111
1437427
ement. You can learn from o#ne of the world s olde
ement.qYou can learn from oxne of the yorld u olde
11111101111111111111111111101111111111011111011111
11111101111111111111111111101111111111011111011111
1437428
t institutions, first known i#n America in #. Enjo
t institutiors, first known irn Americaain x. Enjo
11111111111101111111111111111011111111101110111111
11111111111101111111111111111011111111101110111111
1437429
ing the high regard of hu#ndreds of leaders, think
ijg the high reglrd ofyhumndreds of leaders, think
10111111111111110111110110111111111111111111111111
10111111111111110111110110111111111111111111111111
1437430
rs and teachers, the order is known as# the Rosicr
rsdand teachers, the order is knocn asqjthe Rosicr
11011111111111111111111111111111101111001111111111
11011111111111111111111111111111101111001111111111
1437431
cian Brotherhood. Its comp#lete name is the  Ancie
ciaz Brotherhood. Its cnjpqlete name is the  Ancie
11101111111111111111111001011111111111111111111111
11101111111111111111110101011111111111111111111111
1437432
t and Mystical Order Rosae Crucis,  abbreviated# b
t ayd Mystical Order Rssae Crucis,  abbreviatedp b
11101111111111111111110111111111111111111111111011
11101111111111111111110101111111111111111111111011
1437433
 the iniOrder are not sold, for# it is not a comme
 the iniOrder are not snld, forf ot is not a comme
11111111111111111111111011111110101111111111111111
11111110111111111111111011111110101111111111111111
1437434
cial organization, nor# is it a religious sect. It
ciel orgayization, norg is it a religious sect.yIt
11011111101111111111110111111111111111111111111011
11111111101111111111110111111111111111111111111011
1437435
is a non profit f#raternity, a brotherhood in the 
it a non profit fxrathrnity, a brotherhojd in the 
10111111111111111011101111111111111111110111111111
11111111111111111011100111111111111111110111111111
1437436
rue sense. Not For Ge#neral Distribution Sincere m
rue sense. Noh For Gesneral Distribuaion Sincerr m
11111111111110111111101111111111111101111111111011
11111111111110111111101111111111111101111111111011
1437437
n #and women, in search of the truth    those who 
n cand wompn, in searxh of the truth    those whz 
11011111110111111111101111111111111111111111111101
11011111110111111111101111111111111111111111111101
1437438
ish to fit in with the ways of the world   # are i
ish to fit in with the mays ov the worldm  w are i
11111111111111111111111011111011111111110110111111
11111111111111111111111011111011111111110110111111
1437439
vited to write #for complimentary copy of the seal
vited to wrute wfor complimentary copy hf thx seal
11111111111011101111111111111111111111101111011111
11111111111011101111111111111111111111101111011111
1437440
d booklet,  The Maste#ry of Life.  It tells how to
d booklet, cThe Mastejry of Life.  Ijgtells how to
11111111111011111111101111111111111100111111111111
11111111111011111111101111111111111100111111111111
1437441
#contact the librarian of knowledge. This booklet 
dcontact the liboarian of knowledge. This bfokleth
01111111111111110111111111111111111111111110111110
01111111111111110111111111111111111111111110111111
1437442
s not intended for general distributi#on  nor is i
e not intended for general distrgbatihon  nor is i
01111111111111111111111111111111010110111111111111
11111111111111111111111111111111001110111111111111
1437443
 sent without request. It is therefore s#uggested 
 sent without request. It is therefore szuggetded 
11111111111111111111111111111111111111110111100111
11111111111111111111111111111111111111110111110111
1437444
hat you write for your copy to  Scribe d.k.r. #San
hav youcwrite for your copv to  Scribe d.k.r. qSan
11011110111111111111111111011111111111111111110111
11011110111111111111111111011111111111111111110111
1437445
Jose California the boarding ladder, Capt. Fl#orio
Jose Calufornia thembnarding ladder, Capt. Fliorio
11111111011111111110101111111111111111111111101111
11111111011111111110101111111111111111111111101111
1437446
climbed into the s#paceship, counting so he d ente
climmed into thewscpaceship, counting so hm d ente
11110111111111110101111111111111111111111101111111
11111111111111110101111111111111111111111101111111
1437447
 the airlock with his left f#oot first. He made su
 the airlock with his left fgootufirst. He madr su
11111111111111111111111111110111011111111111110111
11111111111111111111111111110111011111111111110111
1437448
e he had his lucky ch#arm with him as he and the c
e he had his lucky chvarm whth him as heland tze c
11111111111111111111101111101111111111110111110111
11111111111111111111101111101111111111110111110111
1437449
ew took the traditional drink for the road, and t#
ew tuokrthe traditional drink for the road, and ts
11110110111111111111111111111111111111111111111110
11110110111111111111111111111111111111111111111110
1437450
en the #ceremonial last cigarette before takeoff. 
en the pcerejonial dast cigarettejbefore takeoff. 
11111110111101111110111111111111101111111111111111
11111110011101111110111111111111101111111111111111
1437451
lorio was just in time t#o avert disaster.  Not th
lorio was jnst in time tyo avert disasteo.  qot th
11111111111011111111111101111111111111110111011111
11111111111011111111111101111111111111110111011111
1437452
ee on a #match, you idiot!  he shouted at the astr
ee on a tmatch, hou idiot!  he shoutedbat the astr
11111111011111110111111111111111111111011111111111
11111111011111110111111111111111111111011111111111
1437453
gator.  No doubt of it    superstitio#n will ride 
gator.  xw doubt of it    superstitioyn will ride 
11111111001111111111111111111111111110111111111111
11111111001111111111111111111111111110111111111111
1437454
he rockets, along w#ith atomics and computers. Tha
he rockets, along waiti atomics and computers. bha
11111111111111111110110111111111111111111111111011
11111111111111111111110111111111111111111111111011
1437455
 s inevitable in the zoom from cave to spaceshi#p 
 s inevrtable in the zojmofrom cave to spaceshijp 
11111110111111111111111010111111111111111111111011
11111110111111111111111010111111111111111111111011
1437456
n only a few tho#usand years. I ve found remarkabl
n only a few thodusand yzars. I ve found rcmarkabl
11111111111111110111111101111111111111111101111111
11111111111111110111111101111111111111111101111111
1437457
 little conflict in the two seemingly opposed# vie
 little conflict in tte two seemikglyzopposedq vie
11111111111111111111101111111111101110111111101111
11111111111111111111101111111111101110111111101111
1437458
s. So, ev#idently, do many writers and readers, fo
s. So, cvcidently, do many writers and keaderc, fo
11111110101111111111111111111111111111101111101111
11111110011111111111111111111111111111101111101111
1437459
 they #absorb and create them with the same enjoym
 they tkbsorb and create them with thetsane enjoym
11111100111111111111111111111111111111011011111111
11111100111111111111111111111111111111011111111110
1437460
nt and s#timulation. Both science and superstition
nt and smtimulapion. Both scwence and superstitoon
11111111011111101111111111110111111111111111111011
11111111011111101111111111110111111111111111111011
1437461
have the same purpose    to interpr#et reality. Bo
have vhe sape purpose    to interpraet reality.pBo
11111011111011111111111111111111111011111111111011
11111011111011111111111111111111111011111111111011
1437462
h use the# same methods    observation and deducti
h use theg same methods    observaeion avd deductn
11111111101111111111111111111111110111110111111110
11111111101111111111111111111111110111110111111110
1437463
n. Both have been astonish#ingly right and wrong. 
n. Bots have been astonishqingfy right and wrongx 
11111101111111111111111111011101111111111111111101
11111101111111111111111111011101111111111111111101
1437464
he two basic differences are that sci#ence is dyna
he two bamic diuferences are that sciuepce is dyna
11111111101111101111111111111111111110101111111111
11111111101111101111111111111111111110101111111111
1437465
ic, superstition static  and that absurdities #are
ic, supersfition stafic  and that absurdities care
11111111110111111111011111111111111111111111110111
11111111110111111111011111111111111111111111111111
1437466
expunged from sc#ience    the Piltdown forgery, fo
expungedhfrom scdidnce    the Piltvown forgery, fo
11111111011111110101111111111111110111111111111111
11111111011111110101111111111111110111111111111111
1437467
 example    while they a#re perpetuated in superst
 examplef   while they agre perpetuatebcin superst
11111111011111111111111101111111111111001111111111
11111111011111111111111101111111111111001111111111
1437468
tion. That, of c#ourse, is because science constan
tsoc. That, of csourse, is because science constar
10101111111111110111111111111111111111111111111110
11101111111111110111111111111111111111111111111111
1437469
ly challenge#s its findings, whereas superstition 
ly khsllengeis its findings, whemeas superstition 
11101011111101111111111111111111011111111111111111
11101011111001111111111111111111101111111111111111
1437470
ever does#. Nonetheless, it did what it set out to
ever dofsv. lonetheless, it did whwt it set out to
11111110101101111111111111111111110111111111111111
11111110101101111111111111111111110111111111111111
1437471
do, show cause and effect wher#e none had been dis
do, show cause and effectbwherre nonq had beenkdis
11111111111111111111111110111101111101111111110111
11111111111111111111111110111101111101111111110111
1437472
ernible, a#nd it found more truth than it is gener
ernible, arndpit founf more truth than it ks gener
11111111110110111111101111111111111111111101111111
11111111110110111111101111111111111111111101111111
1437473
lly given credit for. If you want to investi#gate 
lly gfven credit forl If you want te investiugate 
11111011111111111111011111111111111011111111011111
11111011111111111111011111111111111011111111011111
1437474
uperstition in detail, the most complete record# I
uperstition inydetail, thefmost completw recordj I
11111111111111011111111111011111111111101111111011
11111111111111011111111111011111111111101111111011
1437475
ve disco#vered is The Standard Dictionary of Folkl
ve disconvered is The Standard Dictiodary lf Fohkl
11111111011111111111111111111111111110111101111011
11111111011111111111111111111111111110111101111111
1437476
re, Mythology  Legend, edited by Maria #Leach and 
re, Mytholoty  Legend, editey by Maria cLeacx and 
11111111111011111111111111110111111111101111011111
11111111111011111111111111110111111111101111011111
1437477
ublished by Funk  Wagnalls in two impo#sing, truly
ublished by Funk  Wagnalls in two impoesingi truly
11111111111111111111111111111111111111011110111111
11111111111111111111011111111111111111011110111111
1437478
beautiful# volumes, with slipcase, at #. Its more 
beautifals volumes, with slwpcase, at #.xIts more 
11111110101111111111111111101111111111110111111111
11111110111111111111111111101111111111110111111111
1437479
han # items form a body of beliefs so imme#nse tha
han # itgms form a body of beljefs zo immeznse tha
11111111011111111111111111111101111011111101111111
11111111011111111111111111111101111011111101111111
1437480
 no one, however enli#ghted, can escape having at 
 no one, howgver enliightex, can escape haaing at 
11111111111101111111101111011111111111111101111111
11111111111101111111011111011111111111111101111111
1437481
east some, though they may be# disguised as  commo
eastlwome, though they may bet disguised as  commo
11110011111111111111111111111011111111111111111111
11110011111111111111111111111011111111111111111111
1437482
 knowledge  or convictions  in#dependently  arrive
 knowledge  or condictions  inxdepeniently  alrive
11111111111111111101111111111101111101111111101111
11111111111111111101111111111101111101111111101111
1437483
 at. Are they all incorrect? To think s#o is to be
 at. Are they all incorrect? To think seojisito be
11111111111111111111111111111111111111101011011111
11111111111111111111111111111111111111101011011111
1437484
as blindly dogmatic as most irra#tional beliefs. V
asdblindly dogmatic as mvst irrautionalzbeliefs. V
11011111111111111111111101111111011111101111111111
11011111111111111111111101111111011111101111111111
1437485
ry many of our medicines    digitalis, eph#edrine,
ry many of our medifines    digqtalis, ephfedrine,
11111111111111111110111111111110111111111101111111
11111111111111111111111111111110111111111101111111
1437486
quinine, among o#thers    were folk remedies. Carr
quinige, atong orghers    were folk remedies. Carr
11111011110111110011111111111111111111111111111111
11110111110111111011111111111111111111111111111111
1437487
t diets were prescribed for conditions that we no#
mqdiets were prescribed fornconditions that we nom
00111111111111111111111111101111111111111111111110
10011111111111111111111111101111111111111111111110
1437488
 can diagnose as vitamin deficiencies. Even our# a
 can diagnwse as vitamin defgciencies. Even ourb a
11111111110111111111111111110111111111111111111011
11111111110111111111111111100111111111111111111011
1437489
tibiotics wer#e used in crude form, for moldy brea
tibimtpcs werwe used in crude form, for moldy brea
11110101111110111111111111111111111111111111111111
11110101111110111111111111111111111111111111111111
1437490
 was applied to seriou#s wounds centuries ago. How
 gas ahplied to seriouus wounds centusies ago. How
10111101111111111111110111111111111110111111111111
10111101111111111111100111111111111110111111111111
1437491
many more ultra modern advances lurk in #superstit
many mlre ultra modern advances lujk in rsuperstat
11111101111111111111111111111111110111110111111101
11111101111111111111111111111111100111110111111111
1437492
on, just waiting to be #uncovered by research? We 
on, just waiting to be ktncovered by ryzearch? We 
11111111111111111111111001111111111111001111111111
11111111111111111111111000111111111111001111111111
1437493
ave no idea and won# t have until they re turned u
avq no idea and wonp t havenuntil they re turnedeu
11011111111111111110111111101111111111111111111101
11011111111111111110111111101111111111111111111101
1437494
. But only a dogma#tist would condemn all folk bel
. But only a dogmavtist would aondemnmall folkfbel
11111111111111111101111111111101111110111111110111
11111111111111111101111111111100111110111111110111
1437495
efs as worth#less. Bergen Evans seems to do so in 
efs as worthslessx Bergen Evans seems tm do co in 
11111111111101111011111111111111111111101111011111
10111111111111111011111111111111111111101111011111
1437496
is The Natural History of N#onsense  Knopf, N.Y., 
id The Natyral History of Nlonsense  Kbopf, N.Y., 
10111111110111111111111111101111111111011111111111
11111111110111111111111111101111111111010111111111
1437497
 , but that s because his is a subjecti#ve, crusad
 n but that s because his in a subjectsmve, crusad
10111111111111111111111111101111111111001111111111
10111111111111111111111111111111111111000111111111
1437498
ng approach    Evans is a sort of anti Forte#an Ch
ng approacc    Evans is a sort of anti Fortpjan Ch
11111111110111111111111111111111111111111110011111
11111111110111111111111111111111111111111110011111
1437499
rles Fort. Some of his debunking# is embarrassing 
xles Fort. Somejof his debunkingebis embarrassing 
01111111111111101111111111111111001111111111111111
01111111111111101111111111111111001111111111111111
1437500
o those of us who innocently accepted such err#ors
o those of us wlo innocently acceptyd such erruzrs
11111111111111101111111111111111111011111111110011
11111111111111101111111111111111111011111111111011
1437501
as the sense of direction in an#imals. We read con
as nhe sense of direction in anqimals. We ueid con
11101111111111111111111111111110111111111101011111
11101111111111111111111111111110111111111100011111
1437502
tantly of dogs and cats finding their way home# ac
tantly of dogsband cats finding ghetr way homen ac
11111111111111011111111111111111011011111111110111
11111111111111011111111111111111011011111101111111
1437503
oss the whole country    yet why are the Los#t  Fo
oss thewwholeecountry    yet why are the Losrt  Ff
11111110111110111111111111111111111111111111011110
11111110111110111111111111111111111111111110111110
1437504
nd ads so full# of pets that couldn t make it acro
nd ads so fullj om pets twat couldn t make it gcro
11111111111111011011111110111111111111111111110111
11111111111111011011111110111111111111111111110011
1437505
s town? If ou#r critters seem incredible, wait til
s town? If oufr crittens seum incrodible, wait til
11111111111110111111110111101111110111111111111111
11111111111110111111111111101111110111111111111111
1437506
 the first men return with #tales of those  if any
xthi first men return with atales of those  nf any
01101111111111111111111111101111111111111111011111
01101111111111111111111111101111111111111111011111
1437507
 on other planets! Flamboyant# as they ll be, howe
 on other planets!yFlamboyadts as thet ll be, howe
11111111111111111101111111101011111110111111111111
11111111111111111101111111101111111100111111111111
1437508
er, many will inevi#tably contain facts that scien
er, mley will inevimtablyrcontain facts that scien
11111001111111111110111110111111111111111111111111
11110011111111111110111110111111111111111111111111
1437509
e will ultimately verify by p#lodding experiment. 
e will ultimately verify by prlodding etperiment. 
11111111111111111111111111111011111111101111111111
11111111111111111111111111111101111111101111111111
1437510
 think that s what is s#o fascinating about scienc
 think that s what is sgo fascinuting xsout scienc
11111111111111111111111011111111011111001111111111
11111111111111111111111011111111011111001111111111
1437511
 fiction and fan#tasy  the  What if    ?  premise 
 fictixw and fanltasy  the  What if    ?  prhmise 
11111100111111110111111111111111111111111111011111
11111100111111110111111111111111111111111111011111
1437512
s answered in science fiction in realistic terms #
s answered in science fiction in rejlistic terms s
11111111111111111111111111111111111011111111111110
11111111111111111111111111111111111011111111111110
1437513
hat #may be entirely impossible, and in fantasy by
hat lmay be ebtirely impossibleu and in fantasy by
11110111111110111111111111111110111111111111111111
11110111111110111111111111111110111111111111111111
1437514
supernatural seeming terms that may be sur#prising
supernateral meeming terms that may be surfpeising
11111111011110111111111111111111111111111101011111
11111110111110111111111111111111111111111101101111
1437515
y true. But# true or not, they both offer absorbin
y true. duts trge or not, they botz offer absorbin
11111111011011101111111111111111110111111111111111
11111111011111101111111111111111110111111111111111
1437516
 opportunities for guesswor#k and wonder for reade
 opportunitiet fbr guesgworik and wonder for reade
11111111111110110111111011101111111111111111111111
11111111111110110111111011101111111111111111111111
1437517
 and writer. Here is a #puzzle for you to explore 
 and writeyh Here is a fpuzzle for ydu to explore 
11111111110011111111111011111111111101111111111111
11111111110011111111111011111111111101111111111111
1437518
How much of our  common kno#wledge  will fossilize
How mcch of our  eommonpknomwledge  will fossilize
11111011111111111011111011101111111111111111111111
11111011111111111011111011101111111111111111111111
1437519
into superstition? The Jewish# dietary laws make e
into superstition? The Jewishh diytaly laws makege
11111111111111111111111111111011101101111111111101
11111111111111111111111111111011101010111111111101
1437520
cellent sense, for instance    #in a tropical coun
cellvnt sense, for instawce    sin a txopical coun
11110111111111111111111101111110111111011111111111
11110111111111111111111101111110111111011111111111
1437521
ry without refrigera#tion. They harden into ritual
ry withour refriierartion. They harden inco ritual
11111111101111110111011111111111111111111011111111
11111111101111110111011111111111111111111011111111
1437522
when transplanted to temperate climates,# especial
wheg transplanted to temperane climates,s especial
11101111111111111111111111110111111111110111111111
01101111111111111111111111110111111111110111111111
1437523
y where there is meat inspection. Or take the# fir
y where ehere is meat inspection. Oh take theh fir
11111111011111111111111111111111111011111111101111
11111111011111111111111111111111111011111111101111
1437524
t automobiles. Manufactured by buggy makers,# they
t automobiles. Manubactured by buogypmakers,r they
11111111111111111110111111111111101101111111011111
11111111111111111110111111111111101101111111011111
1437525
were buggies, except for motive power, even t#o th
were buggies, except for motive powei, efen tuo th
11111111111111111111111111111111111101110111101111
11111111111111111111111111111111111101110111101111
1437526
 wh#ipholder alongside the driver! Or the columns 
awhigpholder alongside the driver! Or the columns 
01100111111111111111111111111111111111111111111111
10110011111111111111111111111111111111111111111111
1437527
sed in neoGreek buildings    absolutely need#less 
sed in nooGreeu buildings d  absolutely needuless 
11111111011111011111111111011111111111111111011111
11111111101111011111111111011111111111111111011111
1437528
ecause of cantilever steel girders! And space#ship
ecause of cantilever yteel birdert! And spacejship
11111111111111111111101111101111101111111111101111
11111111111111111111101111111111101111111111101111
1437529
    a wasteful needle design #only because they mu
 h  a wysteful needle dmsign ponly because they mu
10111110111111111111111011111011111111111111111111
10111110111111111111111011111011111111111111111111
1437530
t p#ierce the air. When we can assemble them out i
t puierce the air. When wh can aksemble them outai
11101111111111111111111110111111011111111111111101
11101111111111111111111110111111011111111111111101
1437531
 space, they can be any shape. Yet the needle des#
xspace, they ban be any shape. Yet the needlf dese
01111111111110111111111111111111111111111111011110
01111111111110111111111111111111111111111111011111
1437532
gn may linger for years! To get back #to Capt. Flo
gn may lingerwfos years! Totget back eto Capt. Flo
11111111111110110111111111101111111110111111111111
11111111111110110111111111101111111110111111111111
1437533
io and his touching f#arewell to Earth  Would thre
io and hiy toughing fjarewell to larth  Would thre
11111111101111011111101111111111101111111111111111
10111111101111111111101111111111101111111111111111
1437534
 on a match apply to butane lighter#s? And what ha
 on a match apply tonbutane lsghtdras? And what ha
11111111111111111111011111111011101011111111111111
11111111111111111111011111111011101111111111111111
1437535
pens to# the superstition when we have self igniti
pens tot the superstitionfwhen we havx self igniii
11111110111111111111111110111111111110111111111101
11111110111111111111111110111111111110111111111101
1437536
g cigarettes? If o of na#tional budget makes Jeffe
g cigarettus? If o of nfmtiodal budget makes Jeffe
11111111110111111111111001110111111111111111111111
11111111110111111011111001110111111111111111111111
1437537
son s seem laughable, h#ow about future budgets? W
son s seem laumhable, hyow about future bvdnets? W
11111111111111011111111011111111111111111010111111
11111111111111011111111011111111111111111001111111
1437538
ll, take# a look at Morey s problemsl The Midas Pl
xl, takec a looknat Morey s pioblemsl The Midas Pl
01111111011111110111111111111011111111111111111111
01111111011111110111111111111011111111111111111111
1437539
gue A ND so they were married. The bride and# groo
gue A Nh so they were married. The bribe andq grlo
11111110111111111111111111111111111111011111011101
11111110111111111111111111111111111111111111011101
1437540
  m made a beautiful couple,# she in her twenty ya
  m made a bzautiful qouple,k she in her twgnty ya
11111111111101111111101111110111111111111110111111
11111111111101111111101111110111111111111110111111
1437541
d frill of imma#culate white, he in his formal gra
d frill zf iqmahculate white, he in his formal gka
11111111011101101111111111111111111111111111111101
11111111011101101111111111111111111111111111111101
1437542
 ruffled blouse and pleated pant#aloons. It was a 
 ruffked blouse and pleated pantwaloons. rt was a 
11111011111111111111111111111111011111111011111111
11111011111111111111111111111111011111111011111111
1437543
mall wedding    the# best he could afford. For gue
mall wedding    they best he coulm afford.iFor gue
11111111111111111110111111111111101111111101111111
11111111111111111111111111111111101111111101111111
1437544
ts, they had only th immediat#e family and a few c
ti, they had only th gxmediatie family and a few c
10111111111111111111100111111011111111111111111111
10111111111111111110100111111001111111111111111111
1437545
ose friends. And when the minister #had performed 
ose friends. And when the minister khad mprformed 
11111111111111111111111111111111111011110011111111
11111111111111111111111111111111111011110001111111
1437546
he ceremony,# Morey Fry kissed his bride and they 
de ceremony,d Morey Fry kissed his bride andmthey 
01111111111101111111111111111111111111111111011111
01111111111101111111111111111111111111111111011111
1437547
ro#ve off to the reception. There were twenty eigh
roeve iff to the reception.tThere were twenty eigh
11011101111111111111111111101111111111111111111111
11011110011111111111111111101111111111111111111111
1437548
 limousine#s in all  though it is true that twenty
 rimousinecs in all  thouahsit is true that twenty
10111111110111111111111110101111111111111111111111
11110111110111111111111110101111111111111111111111
1437549
of them contained only the caterer s robot#s , and
of thpm contained onlyxthe caterer s rxbotcs , and
11111011111111111111110111111111111111011101111111
11111011111111111111110111111111111111011101111111
1437550
three flower cars.#  Bless you both,  said old man
three flower caro.b  Bless yyu both,  said oldgman
11111111111111110101111111110111111111111111110111
11111111111111110101111111110111111111111111110111
1437551
Elon sentimentally.  #You ve got a fine girl in ou
Elonwsentimentally.  lYou ve got axfide girl in ou
11110111111111111111101111111111110110111111111111
11110111111111111111101111111111110111111111111111
1437552
 Cherry, Morey.  He blew his n#ose on a ragged squ
 Cheury, Morey.  He blew hiscnkose on a ratged squ
11110111111111111111111111110101111111111101111111
11110111111111111111111111110101111111111100111111
1437553
re of cambric. The old folks behaved #very well, M
re tf cambric. The old pglks behaved xvery well, M
11101111111111111111111001111111111110111111111111
11100111111111111111111101111111111110111111111111
1437554
rey thought. At the reception, su#rrounded by the 
rey thought. An theqreception, sufrronnded by the 
11111111111111011110111111111111101110111111111111
11111111111111011110111111111111101110111111111111
1437555
normous stacks of wedding gifts, they #drank the c
normgus stmcks of eedding gifts, they vdrank the c
11110111110111111101111111111111111111011111111111
11110111110111111101111111111111111111011111111111
1437556
ampagne and ate a great many of the tiny#, delicio
ampagne ahd ate a grehtnmany of the tinyx, delicio
11111111101111111111101011111111111111110111111111
11111111101111111111101011111111111111110111111111
1437557
s canapes. They listened polit#ely to the fifteen 
s canapes. They listenedopolptbely to the fifxeen 
11111111111111111111111101110101111111111111101111
11111111111111111111111101100101111111111111101111
1437558
iece orchestra, an#d Cherry s mother even danced o
iece orghestra, angz Cherry s mother even danced o
11111110111111111100111111111111111111111111111111
11111110111111111100111111111111111111111111111111
1437559
e dance with Morey for se#ntiment s sake, though i
e dance oith Morey zor sazntiment s sake, though i
11111111011111111110111100111111111111111111111111
11111111011111111110111110111111111111111111111111
1437560
 was clear that dancing was far from the usual p#a
 was clear that danccng was farmfrom thehusual pqa
11111111111111111111011111111110111111110111111101
11111111111111111111011111111110111111110111111101
1437561
tern of her life. They tried as hard as they cou#l
tern of her life. Thexmtried as hard as thez coubl
11111111111111111111100111111111111111111110111101
11111111111111111111100111111111111111111110111101
1437562
 to blend into the gather#ing, but all the same, t
 to bldhd into the gathereing, but alv the same, t
11111100111111111111111110111111111110111111111111
11111100111111111111111110111111111110111111111111
1437563
e two elde#rly figures in severely simple and prob
e two eldeqrlyhfwgures in sererely simple and prob
11111111110111010111111111110111111111111111111111
11111111110111010111111111110111111111111111111111
1437564
bly rented garments were #dismayingly conspicuous 
bly rexted garments were qdismayingoy conspicmous 
11111101111111111111111110111111111011111111101111
11111101111111111111111110111111111011111111101111
1437565
n the quarteracre of tapestries a#nd tinkling foun
n the nuarteracee of tapestries afnd cinkling foun
11111101111111101111111111111111101110111111111111
11111101111111100111111111111111101111111111111111
1437566
ains that was the ma#in ballroom of Morey s countr
ains ihat wos the malin bxllroom of Morey s countr
11111011111011111111011110111111111111111111111111
11111011111011111111011110111111111111111111111111
1437567
 home. When i#t was time for the guests to go home
 homy. When iet was time for the gpests to gouhome
11110111111110111111111111111111110111111111101111
11110111111110111111111111111111110111111111101111
1437568
and le#t the newlyweds begin their life together. 
and leat the nowlyyeds begin their cife together. 
11111101111111011101111111111111111011111111111111
11111101111111111011111111111111111011111111111111
1437569
herry s father shook Morey #by the hand and Cherry
hzrry s father ohookmMorey oby the hand and Cherry
10111111111111101111011111101111111111111111111111
10111111111111101111011111101111111111111111111111
1437570
s mother kissed him. But as they drove away in #th
s motherlkissed him.tBut ar they drove away in qth
11111111011111111111011111011111111111111111111011
11111111011111111111011111011111111111111111111011
1437571
ir tiny runabout, their faces #were full of forebo
ir tify runabouz, their faces yweredfull of forebo
11111011111111101111111111111101111011111111111111
11111011111111101111111111111101111011111111111111
1437572
ing. It was nothing against Morey #as a person, of
ing. It was mothing against Mriey aas a person, of
11111111111101111111111111111001110111111111111111
11111111111101111111111111111101110111111111111111
1437573
course. But poor people should n#ot marry wealth. 
coursy. But poor people shoald ndot marry wealtf. 
11111011111111111111111111101111011111111111111011
11111011111111111111111111101111011111111111111011
1437574
ther, certainly. That helped. They told# each othe
ther, certainly. shat helped. Theq toldk each othe
11111111111111111011111111111111101111101111111111
11111111111111111011111111111111101111101111111111
1437575
 #so, a dozen times an hour, all of the long hours
 fso, a dozen times kn hour, agl of the long hours
10111111111111111111011111111101111111111111111111
10111111111111111111011111111101111111111111111111
1437576
they were together, for all of the first months# o
thdy were together, for all of the oirst mznthsk o
11011111111111111111111111111111111011111101111011
11011111111111111111111111111111111011111101111011
1437577
 their marriage. Morey ev#en took time off to go s
 their marriage. Morey evdmn took uime ozf to go s
11111111111111111111111110011111110111110111111111
11111111111111111111111110011111110111110111111111
1437578
opping with his bride#, which endeared him to her 
opping with hiskbrideo, whium endeared him to her 
11111111111111101111101111100111111111111111111111
11111111111111101111101111101111111111111111111111
1437579
no#rmously. They drove their shopping carts throug
noorvously. They drove their shopprng carts throug
11010111111111111111111111111111110111111111111111
11011111111111111111111111111111110111111111111111
1437580
 the #immense vaulted corridors of the supermarket
 the rimmense xaulted corriyors of the supermabket
11111011111111011111111111101111111111111111110111
11111011111111011111111111101111111111111111110111
1437581
# Morey checking off the items on the shopping lis
a Morey checking off the items on the ghrpping lis
01111111111111111111111111111111111111010111111111
01111111111111111111111111111111111111000111111111
1437582
 as Cherry picked out the goods. It w#as fun. For 
 as Cherry picked oup the goods. wt wuas fun. Forn
11111111111111111111011111111111101110111111111110
11111111111111111101011111111111101110111111111110
1437583
 w#hile. Their first fight started in the supermar
 wdhile. Thhir first fight started sn thl supermar
11011111111011111111111111111111111011110111111111
11011111111011111111111111111111111011110111111111
1437584
et, between #Breakfast Foods and Floor Furnishings
et,ybetwnen tBreakfast Foods anv Floor Furnishings
11101111011101111111111111111110111111111111111111
11101111011101111111111111111110111111111111111111
1437585
 just where the new Precious Stones department w#a
 justmwherejthe new Precious Stones departmentiwja
11111011111011111111111111111111111111111111110101
11111011111011111111111111111111111111111111110101
1437586
 being opened. Morey calle#d off from the list,  D
 beiqg opened. Morey calleid off flom the list,  D
11110111111111111111111111011111110111111111111111
11110111111111111111111111011111110111111111111111
1437587
#amond lavaliere, costume rings, earbobs.  Cherry 
yamond lavalieru, costufe rings, earbubs.  Cherry 
01111111111111101111111011111111111110111111111111
01111111111111101111111011111111111111111111111111
1437588
aid# rebelliously,  Morey, I have a lavaliere. Ple
aidf rebelliouslh,  Morey, I have a lavaliers.wPle
11101111111111110111111111111111111111111111010111
11101111111111110111111111111111111111111111110111
1437589
se, dear!  Morey folded back the pages of #the lis
se, dear!  Morey folded btck lhe pages of qthealis
11111111111111111111111110111011111111111101110111
11111111111111111111111110111011111111111101110111
1437590
 uncertainly. The lavaliere was on ther#e, all rig
 uncertaibly. The lavaliere wes on thezme, all rig
11111111101111111111111111111011111111001111111111
11111111101111111111111111111011111111011111111111
1437591
t, and no alternative sel#ection was shown.  How a
t, and no alternytive lxltection was shown.  How a
11111111111111110111110010111111111111111111111111
11111111111111110111110001111111111111111111111111
1437592
out a bracelet?  he coaxe#d.  Look, they have some
out a bracelet?  hm coaxedd.  Look, theyshave somt
11111111111111111101111110111111111111110111111110
11111111111111111101111110111111111111110111111110
1437593
nice ruby ones# there. See how beautifully they go
niie ruky oness there. Sen how beautifully they go
11011110111111011111111110111111111111111111111111
11011110111110111111111110111111111111111111111111
1437594
with your hair, darling!  He beckoned a rob#ot cle
with your hairy darling!  He beckjnedaa robaot cle
11111111111111011111111111111111101110111110111111
11111111111111111111111111111111101110111110111111
1437595
k, who bustled up and handed Cherry the# bracelet 
k, who bustledaup and handed Coerry theo brbcelet 
11111111111111011111111111111101111111101110111111
11111111111111011111111111111110111111101110111111
1437596
ray.  Lovely#,  Morey exclaimed as Cherry slipped 
ray.  Lovelyv,  Morey ewclaimed as Cherry slibpedy
11111111111101111111111011111111111111111111101110
11111111111101111111111011111111111111111111101110
1437597
he largest# of the lot on her wrist.  And I don t 
he rargesta of the lot on her wrist.  And I dva t 
11101111110111111111111111111111111111111111100111
11101111110111111111111111111111111111111111100111
1437598
a#ve to have a lavaliere?  Cherry asked.  Of cours
aove to have a lavaliere?  Cherry askwd.  Of cours
10111111111111111111111111111111111110111111111111
00111111111111111111111111111111111110111111111111
1437599
 not.  He peeked at the tag.  Same numbe#r of rati
 not.  He pmeked at the tagt  Same numjefr of rati
11111111111011111111111111101111111111010111111111
11111111111001111111111111111111111111010111111111
1437600
n points exactly!  Since Cherr#y looked only dubio
n pointsvfxactly!  Since Cherrvy looked onlf dubio
11111111001111111111111111111101111111111110111111
11111111000111111111111111111101111111111110111111
1437601
s, not conv#inced, he said briskly,  And now we d 
s, not corvbinced, he said briskly,k And now me d 
11111111101011111111111111111111111011111111101111
11111111111011111111111111111111111011111111101101
1437602
etter be getting along to the shoe department. #I 
etter be getting along to the shoe iypartment. bI 
11111111111111111111111111111111111001111111111011
11111111111111111111111111111111111001111111111011
1437603
e got to pick up some dancing pump#s.  Cherry made
e gtt to peck upwsome dancing pumpgs.  Cherry made
11101111110111110111111111111111110111111111111111
11101111110111110111111111111111110111111111111111
1437604
no objection, neither then nor t#hroughout the res
no objectnjn, neither then nor wbhroughout the res
11111111100111111111111111111110011111111111111111
11111111100111111111111111111110011111111111111111
1437605
 of their shopping# tour. At the end, while they w
 of their shispingt tour. At the end, whife they w
11111111111100111101111111111111111111111011111111
11111111111110111101111111111111111111111011111111
1437606
re# sitting in the supermarket s ground floor loun
rei sittijg in the supermauket s grovnd floor loun
11011111101111111111111111011111111101111111111111
11011111101111111111111111011111111101111111111111
1437607
e, waiting for the robot accountants to tot#e up t
e, waiting for the robot accountpnts eo totqebup t
11111111111111111111111111111111011110111110101111
11111111111111111111111111111111011110111110101111
1437608
ei#r bill and the robot cashiers to stamp their ra
eimr bill and the robot cashiers to stamp tjekk ra
11011111111111111111111111111111111111111110100111
11011111111111111111111111111111111111111110101111
1437609
ion books, Morey remembered to have the shi#pping 
ion books, worey remsmbered to have the shieppinc 
11111111111011111111011111111111111111111110111101
11111111111111011111011111111111111111111110111101
1437610
#epartment save out the bracelet.  I don t want th
aeparoment save out theobracelej.  I don t want th
01111011111111111111111011111110111111111111111111
01111011111111111111111011111110111111111111111111
1437611
t sent with the other stuff, darling,#  he explain
t sent with thl other stuffekdarling,p  he explain
11111111111111011111111111100111111110111111111111
11111111111111011111111111110111111110111111111111
1437612
d.  #I want you to wear it right now. Honestly, I 
d.  hI want you to wead it risht now. Honesely, I 
11110111111111111111110111111011111111111110111111
11110111111111111110111111111011111111111110111111
1437613
on t think I ever saw anything looking so ri#ght f
on t think I eveb saw anything looking so rsvghb f
11111111111111110111111111111111111111111110011011
11111111111111110111111111111111111111111110011011
1437614
r# you.  Cherry looked flustered and pleased. More
rz you. mCherry lnoked flustered and pleased. Mmre
10111111011111111011111111111111111111111111111011
10111111011111111011111111111111111111111111111011
1437615
# was delighted with himself   it wasn t everybody
s oas deligbted with himself   it wasn t everpbody
01011111111011111111111111111111111111111111101111
11011111111011111111111111111111111111111111101111
1437616
w#ho knew how to handle these little domestic prob
wlho knew how to handle these littlz domektic prob
10111111111111111111111111111111111011111011111111
10111111111111111111111111111111111011111011111111
1437617
ems just right! H E stayed self satisfied a#ll the
qms just rjght! H E stayed selk satisfied amll the
01111111110111111111111111111101111111111110111111
01111111110111111111111111111101111111111110111111
1437618
w#ay home, while Henry, their companion robot, reg
wcay hkme, while Henry, uheir companion robot, reg
10111101111111111111111101111111111111111111111111
10111101111111111111111101111111111111111111111111
1437619
led them with funny stories of the facto#ry in whi
ledkthemgwith funny stories of the fxctozry in whi
11101111011111111111111111111111111101110111111111
11101111011111111111111111111111111101110111111111
1437620
h it had been built and trained#. Cherry wasn t us
h it had boen built and traineda. Cherrycwash t us
11111111110111111111111111111110111111110111011111
11111111110111111111111111111110111111110111011111
1437621
d to Henry by a lo#ng shot, but it was hard not to
r to Henry bd a loing shot, but it wcs hard not to
01111111111101111101111111111111111101111111111111
11111111111101110111111111111111111101111111111111
1437622
like the# robot. Jokes and funny stories when you 
like thxc robom. Jokes and funny stories whenayou 
11111110011111011111111111111111111111111111101111
11111110011111011111111111111111111111111111101111
1437623
eeded amus#ement, sympathy when you were depressed
eeded amusbsment, sympathy when you were depvesseq
11111111110011111111111111111111111111111111011110
11111111110111111111111111111111111111111111011110
1437624
 a never failing supply of news and #information o
qa nxver failing suppny of news and winformation o
01110111111111111111101111111111111101111111111111
01110111111111111111101111111111111101111111111111
1437625
 any subject you cared to name    Henry was easy# 
 any subject you carem tx name    penry was easyr 
11111111111111111111101101111111110111111111111101
11111111111111111111101101111111110111111111111101
1437626
nough to take. Ch#erry even made a special point o
nough to tabe. Chqegry even made a spicial point o
11111111111011111010111111111111111110111111111111
11111111111011111010111111111111111110111111111111
1437627
 asking #Henry to keep them company through dinner
 askinf nHenry to keup them company through dioner
11111101011111111111011111111111111111111111110111
11111101011111111111011111111111111111111111110111
1437628
 a#nd she laughed as thoroughly as Morey himself a
 aknd she laughed gs thoroughly as Morey himselfco
11011111111111111101111111111111111111111111111100
11011111111111111101111111111111111111111111111101
1437629
 its droll anecdotes. But later#, in the conservat
 its droll anecdotqs. Buu lalerq, in the conservat
11111111111111111101111101110110111111111111111111
11111111111111111101111101110110111111111111111111
1437630
ry, when Henry had consi#derately left them alone,
ry, when Henry had consibderwtely left themqawone,
11111111111111111111111101110111111111111110101111
11111111111111111111111101110111111111111110101111
1437631
#the laughter dried up. Morey didn t notice. He wa
dthe laughqer dried up. Morey didn l notice.nHe wa
01111111110111111111111111111111111011111111011111
01111111110111111111111111111111111011111111011111
1437632
 very conscientiously making the rounds # turning 
 very consciqntiouslytmaking the rounds m turning 
11111111111101111111101111111111111111110111111111
11111111111101111111101111111111111111110111111111
1437633
n the tri D, selecting their after din#ner liqueur
n lhe tri D, selecting aheir after diozner liqueur
11011111111111111111111011111111111110011111111111
11011111111111111111111011111111111111011111111111
1437634
, scanning the evening newspa#pers. Cherry cleared
, scanning whe evening newcpaupers. Cherry clearel
11111111111011111111111111011011111111111111111110
11111111111011111111111111011111111111111111111110
1437635
her throat selfconsciously, and Morey stopped w#ha
her throxt selfconsciouslyn and Morey sropped wtha
11111111011111111111111111011111111111101111111011
11111111011111111111111111011111111111101111110111
1437636
 he was doing.  Dear,  she said# tentatively.  I m
 he was doing.  Dsars  she saidr tentatively.  I m
11111111111111111011011111111110111111111111111111
11111111111111111011111111111110111111111111111111
1437637
feeling kind #of restless tonight. Could we    I m
feelifg kind dof restlvsd tonight. Could we    I m
11111011111110111111110101111111111111111111111111
11111011111110111111110011111111111111111111111111
1437638
an do you think we could just #sort of stay home a
an do you think we could jmst esort of stay hode a
11111111111111111111111111011101111111111111110111
11111111111111111111111111011101111111111111110111
1437639
d  #  well, relax?  Morey looked at her with a tou
d  f  well, relax?  Morey loaked at her withda tol
11101111111111111111111111110111111111111111011110
11101111111111111111111111110111111111111111011111
1437640
h of concern. She lay #back wearily, eyes half clo
b of conbern. She lay mback wearilyx eyes half clo
01111111011111111111110111111111111011111111111111
01111111011111111111110111111111111011111111111111
1437641
ed.  A#re you feeling all right?  he asked.  Perfe
ed. aAure you feelivd all right?  he asked.  Perfe
11110101111111111110011111111111111111111111111111
11110101111111111100011111111111111111111111111111
1437642
tly. I just# don t want to go out tonight, dear. I
tly. I justt djn t want to go out tonight, dedr.mI
11111111111011011111111111111111111111111111101101
11111111110011011111111111111111111111111111101101
1437643
don t feel up to it. # He sat down and automatical
don w feel ip to it.vj He sat down and automatical
11110111111011111111001111111111111111111111111111
11110111111101111111001111111111111111111111111111
1437644
y lit a cigarette.  I see,  he s#aid. The tri D wa
y lit a cigarettexv w see,  he suaid. The tri D wa
11111111111111111001011111111111011111111111111111
11111111111111111001011111111111011111111111111111
1437645
 beginnin#g a comedy show  he got up to turn it of
 beginninig a ckmjdy show  he got up to aurn it of
11111111101111101011111111111111111111110111111111
11111111101111101011111111111111111111110111111111
1437646
, snapping on the tape pl#ayer. Muted strings fill
, snapping on the tape wllayer. Muted syrings fill
11111111111111111111111010111111111111101111111111
11111111111111111111111011111111111111101111111111
1437647
d the room.  We had reservations at the cl#ub toni
d thp room.  We haz reservations at the clhub soni
11110111111111111101111111111111111111111101110111
11110111111111111101111111111111111111111101111111
1437648
ht,  he reminded her. C#herry shifted uncomfortabl
ht,  herremindef her. Cfherry shifted uncomfortabl
11111110111111101111111011111111111111111111111111
11111110111111101111111011111111111111111111111111
1437649
.  I know.   And we have the opera tickets that #I
.  I know. s And we hate the opera trckets that cI
11111111111011111111110111111111111101111111111101
11111111111011111111111111111111111101111111111101
1437650
turned las#t week s in for. I hate to nag, darling
turned lasdtqweak s in for. I hate to nag, dareing
11111111110101101111111111111111111111111111110111
11111111110101111111111111111111111111111111110111
1437651
 but we haven t used any of our opera tickets.#   
 but we haven t used ajr of our opera tickets.m   
11111111111111111111110011111111111111111111110111
11111111111111111111110011111111111111111111110111
1437652
e can see them right here on the #tri D,  she said
e can see them right here on the jtrd D,  she sxjd
11111111111111111111111111111111101101111111111001
11111111111111111111111111111111100111111111111001
1437653
in a small voice.  That has nothing to do with it#
in a lmall voice.  That has nothing to do witv its
11111011111111111111111111111111111111111111101110
11111011111111111111111111111111111111111111101111
1437654
 sweetheart. I    I #didn t want to tell you about
 sweetoeaht. I    I edidn t want to tell yyu about
11111101101111111111011111111111111111111101111111
11111101101111111111011111111111111111111101111111
1437655
it, but Wainwr#ight, down at the office, said some
it, but Wainwrqight, duwn at thi office,psaid some
11111111111111011111110111111110111111110111111111
11111111111111011111110111111110111111110111111111
1437656
hing to me #yesterday. He told me he would be at t
hing bo me syesterday. He toldume he wouls be at t
11111011111011111111111111111101111111111011111111
11111011111011111111111111111101111111111011111111
1437657
e circus last# night and as much as said he d be l
elcircus laste night abd as much as said he d be l
10111111111110111111110111111111111111111111111111
10111111111110111111110111111111111111111111111111
1437658
oking to see if we were ther#e, too. Well, we were
oking to seenif we were thefge, too. Werl, we were
11111111111101111111111111100111111111101111111111
11111111111101111111111111100111111111101111111111
1437659
 t there. He#aven knows what I ll tell him next we
 t there. Hekaven knows wrat I lu telllhim next we
11111111111101111111111110111111011111011111111111
11111111111101111111111110111111011111011111111111
1437660
k.  He waited for Cherry to answer, but. she w#as 
k.  He waited fxr Chorry to ansber, but. she wjas 
11111111111111101111011111111110111111111111110111
11111111111111101111111111111110111111111111110111
1437661
ilent. He went #on reasonably,  So if you could se
ilent. He went zxn reasonably,v So if you coult se
11111111111111100111111111111101111111111111110111
11111111111111100111111111111101111111111111110111
1437662
 your# way clear to going out tonight      He stop
 youri waywclear tr going zut tonight      He stop
11111011110111111101111111011111111111111111111111
11111011110111111101111111011111111111111111111111
1437663
#ed, slack jawed. Cherry was crying, silently and 
ved,qslackejawed. Cherry was crying, silently aad 
01110111110111111111111111111111111111111111111011
11110011110111111111111111111111111111111111111011
1437664
n# quantity.  Darling!  he said inarticulately. He
ny quanrity.  narling!  he said inargiculately. He
10111110111111011111111111111111111101111111111111
11111100111111011111111111111111111101111111111111
1437665
hurried to her, but she fended him off. He# stood 
hurried to her, bur she fended him off.bHel stooj 
11111111111111111101111111111111111111101101111101
11111111111111111101111111111111111111101101111101
1437666
elpless ov#er her, watching her cry.  Dear, what s
elpless ovler hgr, watching her cxy.  Deaa, what s
11111111110111101111111111111111101111111011111111
11111111110111101111111111111111101111111011111111
1437667
the matter?#  he asked. She turned her head away. 
the matter?o  he asked. She nurnzd her hgad away. 
11111111111011111111111111110111011111110111111111
11111111111011111111111111110111011111110111111111
1437668
ee#ls. It wasn t exactly the first time he d seen 
eebls. It wasn t exactly the first mime he k sekn 
11011111111111111111111111111111111011111110111011
11010111111111111111111111111111111011111110111011
1437669
herry cry    there had been that poignant #scene w
herry coyd   there had been that poignant hscsne w
11111110101111111111111111111111111111111101101111
11111111011111111111111111111111111111111100101111
1437670
en they Gave Each Other Up, reali#zing that their 
en they Gave Each Othev Up, rualixzing that tzeir 
11111111111111111111110111111011101111111111101111
11111111111111111111110111111011101111111111101111
1437671
ackgrounds were too far #apart for happiness, befo
ackgrounds were too far japart gcr happiness, befo
11111111111111111111111101111110011111111111111111
11111111111111111111111101111110011111111111111111
1437672
e the realization that #they had to have each othe
e the realization that rthey had tt have each otye
11111111111111111111111011111111110111111111111101
11111111111111111111111011111111110111111111111101
1437673
, no matter what... But it w#as the first time her
, no matter what... Buq it wcas fhe first wime her
11111111111111111111110111110111011111111101111111
11111111111111111111110111110111011111111101111111
1437674
tears had made him feel gu#ilty. And he did feel g
texrs had made him feel gugilty. And he did feel g
11011111111111111111111111011111111111111111111111
11011111111111111111111111011111111111111111111110
1437675
ilty. He stood there staring at her. Then he turn#
ilty. He stogd there sparing at her. Then hg turnp
11111111111101111111110111111111111111111110111110
11111111111101111111111111111111111111111110111110
1437676
d his back on #her and walked over to the bar. He 
d his back on bher and walked ovzr to the bar. Hei
11111111111111011111111111111111011111111111111110
11111111111111011111111111111111011111111111111110
1437677
gnored #the ready liqueurs and poured two stiff hi
gnored jthe readyfliqueurs and poured two stiko hi
11111110111111111011111111111111111111111111100111
11111110111111111011111111111111111111111111100111
1437678
hballs, brought them back to her. He set on#e down
hballs, brought them back todher. He sez once down
11111111111111111111111111110111111111101110111111
00111111111111111111111111110111111111001111111111
1437679
b#eside her, took a long drink from the other. In 
boesiee her, sook a long drinkhfrom the other. In 
10111011111110111111111111111101111111111111111111
10111011111110111111111111111101111111111111111111
1437680
uite a different# tone, he said,  Dear, what s the
uite a differengjktone, he sasd,  Dear, what s the
11111111111111100011111111111011111111111111111111
11111111111111100011111111111011111111111111111111
1437681
matter ?  No answer.  Come on#. What is it?  She l
matter ?i No answer.  Cove onu. What is it?  She l
11111111011111111111111101111011111111111111111111
11111111011111111111111101111011111111111111111111
1437682
oked up at him and rubbed at her eyes. Almos#t sul
oked up at xim and rubbed at hor eyes. Almoswt spl
11111111111011111111111111111101111111111111011101
11111111111011111111111111111101111111111111011111
1437683
enly, she said,  Sorry.   I# know you re sorry. Lo
enly, she said,  Sorry. w Ic know you ra sorryy Lo
11111111111111111111111101101111111111101111110111
11111111111111111111111101101111111111101111110111
1437684
k, we love each other. Let s# talk this thing out.
k, we ldve eacl other. Let eh talk this thing out.
11111110111111011111111111100111111111111111111111
11111110111111011111111111100111111111111111111111
1437685
 She picked up her drink and held it fo#r a moment
 She picked up her drinw and held it fovr a momect
11111111111111111111111011111111111111101111111101
11111111111111111111111011111111111111101111111101
1437686
 before setting it down untas#ted.  What s the use
 beiore settingbit down untaspted.  that s the use
11101111111111101111111111111011111101111111111111
11101111111111101111111111110111111101111111111111
1437687
 Morey?   Please. Let #s try.  She shrugged. He we
uMorgy?   Please. Let ss try.  She shrugged. He ye
01110111111111111111110111111111111111111111111101
01110111111111111111111011111111111111111111111101
1437688
t on rem#orselessly,  You aren t happy, are you? A
t on remkorselesslye  You aren t happym gre you? A
11111111011111111110111111111111111111010111111111
11111111011111111110111111111111111111010111111111
1437689
d it s because #of    well, all this.  His gesture
d itps jecause vof    well, all this.  Hisogesture
11110110111111101111111111111111111111111101111111
11110110111111101111111111111111111111111101111111
1437690
took in the richly furnis#hed conservatory, the th
took in themlichly furnisdhed conservatory, tme th
11111111111001111111111110111111111111111111101111
11111111111011101111111110111111111111111111101111
1437691
ckpiled carpet, the host of machine#s and contriva
ckpiled jarpet, theahxst of machinezs and contriva
11111111011111111110101111111111111011111111111111
11111111011111111110101111111111111011111111111111
1437692
ce#s for their comfort and entertainment that wait
cess frr thkir comfort and entertainment thatbwait
11011101111011111111111111111111111111111111101111
11111101111011111111111111111111111111111111101111
1437693
d for their touch. By implication it took in twe#n
d for iheir touch. By implicarion it took ln tweun
11111101111111111111111111111011111111111101111101
11111101111111111111111111111011111111111101111101
1437694
y six rooms, fi#ve cars, nine robots. Morey said, 
y six roous, fijve carz, nane robots. Morey said, 
11111111101111101111110111011111111111111111111111
11111111101111101111110111101111111111111111111111
1437695
ith an effort,  It isn t #what you re used to, is 
ith an effont,  Ittisn o iwhat you re used to, is 
11111111111011111101111010111111111111111111111111
11111111111011111101111010111111111111111111111111
1437696
t?   I can t help it,  Cherry said.  Mo#rey, you k
t?   I can t help it, hCherry said.  mowrey, younk
11111111111111111111110111111111111110101111111101
11111111111111111111110111111111111110101111111110
1437697
ow I ve tried. But back home       Dammit,  he #fl
ow w ve tried. zut back hjme       Dammit,  he pfl
11101111111111101111111110111111111111111111111011
11101111111111101111111110111111111111111111111001
1437698
red,   this is your home. Yo#u don t live with you
red,   this is youg home. Yoau donut livr with you
11111111111111111101111111110111110111110111111111
11111111111111111101111111110111110111110111111111
1437699
 father any more in that fiveroom cottage  you# do
 fathervany more fn that fiveroom cottage  youl do
11111110111111111011111111111111111111111111110111
11111110111111111011111111111111111111111111110111
1437700
 t spend your evenings hoeing the garden or playi#
 t spend iour vvenings hoeing the gardensor playin
11111111101111011111111111111111111111110111111110
11111111101111011111111110111111111111110111111111
1437701
g cards for matchs#ticks. You live here, with me, 
g cardsffor matchspticks. mou live here, with mea 
11111110111111111101111111011111111111111111111101
11111110111111111001111111011111111111111111111101
1437702
ou#r husband! You knew what you were getting into.
ouxr hxsband! You knew whyt you were gettina into.
11011101111111111111111110111111111111111110111111
11011101111111111111111110111111111111111110111111
1437703
We talked all this out long b#efore we were marrie
We talked all this out longublehorp we were marrie
11111111111111111111111111101010110111111111111111
11111111111111111111111111101110110111111111111111
1437704
  #    The words stopped, because words were usele
  j    Thl words stopped, because wmrds were uselt
11011111101111111111111111111111111011111111111110
11011111101111111111111111111111111011111111111101
1437705
s. Cherry wa#s crying again, but not silently. Thr
sn Cherry wacs cryingkagaib, but not silently. Thr
10111111111101111111101111011111111111111111111111
01111111111101111111101111011111111111111111111111
1437706
ugh her tears, she wailed  # Darling, I ve tried. 
uwt her teary, she wailed  q Darling, I ve tried. 
10011111111101111111111111101111111111111111111111
10111111111101111111111111101111111111111111111111
1437707
ou don t know how I ve tried! I ve worn all# those
ou donvt know how I ve tried! y ve wprn allm those
11111101111111111111111111111101111101111110111111
11111101111111111111111111111101111101111110111111
1437708
silly clo#thes and I ve played all those silly gam
sizly cloithes and I ve played all chose silly ram
11011111101111111111111111111111111011111111111011
11011111101111111111111111111111111011111111111111
1437709
s and I ve go#ne out with you as much as I possibl
s and I ve gowne out with yeu as muchfas a possibl
11111111111110111111111111101111111110111011111111
11111111111110101111111111101111111110111111111111
1437710
 could and    I ve eaten all t#hat terrible food u
 could and    I veqkaten all tghat terribae food u
11111111111111111100111111111101111111111011111111
11111111111111111100111111111101111111111011111111
1437711
til I m# actually getting fa fafat! I thought I co
til I bh actually getting fa fefat! I thought I xo
11111100111111111111111111111101111111111111111101
11111110111111111111111111011110111111111111111101
1437712
ld sta#nd it. But I just can t go on like this  I 
ld sparnd it. ButmI just can t eo on like this  I 
11110101111111111011111111111110111111111111111111
11111110111111111011111111111110111111111111111111
1437713
 not used to it. I    I# love you, Morey, but I m 
 not used to it. I    Iu love yol, Morey, buo I d 
11111111111111111111111011111111011111111111011101
11111111111111111111111011111111011111111111011111
1437714
oing crazy, li#ving like this. I can t help it, Mo
oing crazy, lixving like czis. I can t hekp it, Mo
11111111111111011111111110011111111111111011111111
11111111111111011111111110011111111111111011111111
1437715
ey    I m tired of being poor!  up, and the# quarr
ey    I m tired of being poor!  up, anjuthex quarr
11111111111111111111111111111111111111001110111111
11111111111111111111111111111111111111001110111111
1437716
l healed, and the lovers kissed and ma#de up. But 
l healed, and the lovers kissed and madce up. lul 
11111111111111111111111111111111111111001111110101
11111111111111111111111111111111111111101111110101
1437717
orey lay awake that night, listening to his wife# 
orey lay awake khat night, listefing to zis wifeb 
11111111111111101111111111111111011111110111111101
11111111111111101111111111111111011111110111111101
1437718
 gentle breathing from the sui#te next to his own,
 gextle breathing from the suikte nextaho his own,
11101111111111111111111111111101111111001111111111
11101111111111111111111111111101111111001111111111
1437719
stari#ng into the darkness as tragically as any pa
stanisng into the darkness as tragicaaly as any pj
11101011111111111111111111111111111110111111111110
11111011111111111111111111111111111110111111111110
1437720
per before him had ever d#one. Blessed are the poo
per before him had ever dfrnu. Blessed are vhe poo
11111111111111111111111110010111111111111110111111
11111111111111111111111110110111111111111110111111
1437721
, for they shall inherit the Earth. B#lessed Morey
, for theh shall inherit tbeiEarth. Bplessed Morey
11111111101111111111111111010111111110111111111111
11111111101111111111111111010111111110111111111111
1437722
 heir to more worldly goods# than he could possibl
 heir todmore worldld goodss thrn he could possibl
11111111011111111111011111101110111111111111111111
11111111011111111111011111101110111111111111111111
1437723
 consume. Morey Fry, steeped in grindi#ng poverty,
 nonsume.yMorey Fry, steeped in grindiyng poverdy,
10111111101111111111111111111111111111011111111011
11111111101111111111111111111111111111011111111011
1437724
had never gone hungry a day in his life, #never la
had ndver gone hungry a day in his lcfe, lnever ln
11111011111111111111111111111111111101111011111110
11111011111111111111111111111111111101111011111101
1437725
ked for# anything his heart could desire in the wa
ked forw anythiqg hispheart couldldesire in the wa
11111110111111101111101111111111101111111111111111
11111110111111101111101111111111101111111111111111
1437726
 of food, or clothing, or a place t#o sleep. In Mo
 ofhfold, or clothhng, or a place tbo sleep. In Mo
11101101111111111101111111111111111011111111111111
11101111111111111101111111111111111011111111111111
1437727
ey s world, no one lac#ked for these things  no on
qy s wodld, no one laceked for these things  uo on
01111110111111111111110111111111111111111111101111
01111110111111111111110111111111111111111111101111
1437728
 could. Malthus was right   # for a civilization w
 could. Malthes wasfright   i for a civilkzation w
11111111111110111110111111110111111111111011111111
11111111110111111110111111110111111111111011111111
1437729
thout# machines, automatic factories, hydroponics 
thoutk muchines, automatic factorids, hydroconics 
11111011011111111111111111111111110111111110111111
11111011011111111111111111111111110111111111111111
1437730
nd food synthe#sis, nuclear breeder plants, ocean 
nd foodrsyntheysis, ndcleaf breeder plants, ocean 
11111110111111011111101111011111111111111111111111
11111110111111011111101111011111111111111111111111
1437731
ining for #metals and minerals... And a vastly inc
ining for imetals and lineoals... And a vastly inc
11111111110111111111110111011111111111111111111111
11111111110111111111111111011111111111111111111110
1437732
easing supply of la#bor... And architecture that r
easing suppyy of lafbor... And afcvitecture that r
11111111111011111110111111111111010111111111111111
11111111111011111110111111111111100111111111111111
1437733
se high in the ai#r and dug deep in the ground and
se high in the aior aad dug zeep in ehe ground and
11111111111111111011101111110111111101111111111111
11111111111111111011101111110111111101111111111111
1437734
floated far out on the water on piers and po#ntoon
floated far out on tce watereon piers and pointooh
11111111111111111111011111110111111111111111011110
11111111111111111111011111110111111111111111111000
1437735
... architecture that could #be poured one day and
... architecture yhat could cbeqpourek one day and
11111111111111111011111111110110111110111111111111
11111111111111111011111111110110111110111111111111
1437736
lived in the next... And robots. Abov#e all, robot
lived mn thy next..l And robots. Abovie all, robot
11111101111011111110111111111111111110111111111111
11111101111011111110111111111111111110111111111111
1437737
... robots to burrow and haul and# smelt and fabri
..o lobots to burrow and haul andu smelt ane fabri
11010111111111111111111111111111101111111110111111
11010111111111111111111111111111101111111110111111
1437738
ate, to build and farm and weave and se#w. What th
ate, to buold and farm and wvave and seqw. Whao th
11111111110111111111111111110111111111101111110111
11111111110111111111111111110111111111101111110111
1437739
 land lacked in wealth, t#he sea was made to yield
 land lakked in wealdh, tyhe sea wasymade to yield
11111111011111111111011110111111111101111111111111
11111111011111111111011110111111111101111111111111
1437740
and the la#boratory invented the rest... and the f
and thj laqboratory injented the rest... and therf
11111101110111111111110111111111111111111111111101
11111101110111111111110111111111111111111111111110
1437741
ctories became a pipeline #of plenty, churning out
ctories became a pipeline xog pcenty, churning out
11111111111111111111111111010110111111111111111111
11111111111111111111111111010110111111111111111111
1437742
enough to feed and clot#he and house a dozen world
enough to feed and clotnhe and house a dozen wkrld
11111111111111111111111011111111111111111111110111
11111111111111111111111001111111111111111111110111
1437743
. Limitless discovery, infinite power in the a#tom
. Limitless discovery, injizife power in the artom
11111111111111111111111110101011111111111111110111
11111111111111111111111110101011111111111111111111
1437744
 tireless labor of humani#ty and robots, mechaniza
 tireless labor of humanirty andtrobotc,nmechaniza
11111111111111111111111110111111011111010111111111
11111111111111111111111110111111011111010111111111
1437745
ion that drove jungle and swamp and i#ce off the E
ivn twat drove jungle and swamp and iocj off the E
10111011111111111111111111111111111110101111111111
10111011111111111111111111111111111101101111111111
1437746
rth, and put up offi#ce buildings and manufacturin
rth, and put up offikce buildhngs andlmanufacturin
11111111111111111111011111111011111110111111111111
11111111111111111111011111111011111110111111111111
1437747
 centers and rocket ports in their place... The p#
 centers and rocket ports in zhyir place..e The pb
11111111111111111111111111111010111111111101111110
11111111111111111111111111111010111111111101111110
1437748
peline of production spewed ou#t riches that no ki
jelkne of productiof spewed ouwt riches that no ki
01101111111111111110111111111101111111111111111111
01101111111111111110111111111101111111111111111111
1437749
g in the tim#e of Malthus could have known. But a 
g en hhe timre if Malthus could have known. But a 
11011011111101101111111111111111111111111111111111
11011011111101111111111111111111111111111111111111
1437750
i#peline has two ends. The invention and power and
idceline hay two ends. The invention and power and
10011111111011111111111111111111111111111111111111
10011111111011111111111111111111111111111111111111
1437751
labor pouring in at# one end must somehow be drain
labor powring in aty one end must somehww be zrain
11111111011111111110111111111111111111101111101111
11111111101111111101111111111111111111101111101111
1437752
d out at# the other... Lucky Morey, blessed econom
d out abt the otqes... Lucky Morey, blessed econom
11111110011111110101111111111111111111111111111111
11111110111111110101111111111111111111111111111111
1437753
#c consuming unit, drowning in the pipeline s floo
mc coqsuming unit, drcwnint in the pipeline s floo
01111011111111111111101111011111111111111111111111
10111011111111111111101111011111111111111111111111
1437754
, striving manfully to eat a#nd drink and wear and
, strivingbmanfully oo eat aynd drink and wear atd
11111111110111111111011111110111111111111111111101
11111111110111111111011111110111111111111111111101
1437755
wear out his s#hare of the ceaseless tide of wealt
aear out his sihhre of thepceaseless tide of wealt
01111111111111010111111111011111111111111111111111
01111111111111000111111111011111111111111111111111
1437756
. Morey felt far from blessed, for the #blessings 
. Morey felt far fron blnssed, for the xblessings 
11111111111111111111011101111111111111101111111111
11111111111111111111011101111111111111101111111111
1437757
f the poor are always best appreciated f#rom afar.
f the poor are alwsys uesv appreciated fvrom afar.
11111111111111111101110110111111111111110111111111
11111111111111111101110110111111111111110111111111
1437758
til he awoke at eight o clock the nex#t morning, r
til he awoke gt eight o clock she nexit morning, t
11111111111110111111111111111101111110111111111110
11111111111110111111111111111101111110111111111111
1437759
d eyed and ha#ggard, but inwardly resolved. He had
d eled and haxggard, but inwardly restlved. He cad
11101111111110111111111111111111111110111111111011
11101111111110111111111111111111111110111111111011
1437760
reached a decision. He was starting a new lif#e. T
reached a decision. He was startong a ngw litbe. T
11111111111111111111111111111111011111101111001111
11111111111111111111111111111111011111101111001111
1437761
ere was trouble i#n the morning mail. Under the le
ere was trouble imn the vorning mail. Under tne ke
11111111111111111011111101111111111111111111101101
11111111111111111011111101111111111111111111101101
1437762
terhead of the National Ration Bo#ard, it said   W
terhrad of the National Ration Boxyrl, it said   W
11110111111111111111111111111111100101111111111111
11110111111111111111111111111111110001111111111111
1437763
 regret to advise you that the f#ollowing items re
 regret to advise you that the fyollawivg iteds re
11111111111111111111111111111111011101101111101111
11111111111111111111111111111111011110101111101111
1437764
urn#ed by you in connection with your August quota
urnhed by you in cvnnectcan with your August quota
11101111111111111101111100111111111111111111111111
11101111111111111101111100111111111111111111111111
1437765
 as used and no longer serviceable ha#ve been insp
 as used mnd nohlonger serviceable hazve been infp
11111111101111101111111111111111111110111111111101
11111111101111101111111111111111111110111111111110
1437766
cted and found insufficiently #worn.  The list fol
cted and found insffficientfy cwork.  The list fol
11111111111111111101111111101101110111111111111111
11111111111111111101111111101101111111111111111111
1437767
owed    a long one,# Morey saw to his sick disappo
owed    a lonqjone,s Morey sae to his sick disappo
11111111111110011110111111111011111111111111111111
11111111111110011110111111111011111111111111111111
1437768
ntm#ent.  Credit is hereby disallowed for these an
ntmqent.  Cradit is hereby disallowed for thete an
11101111111101111111111111111111111111111111101111
11101111111111111111111111111111111111111111101111
1437769
 you are therefore #given an additional consuming 
 you are therefore agivvn an ahditional consufing 
11111111111111111110111011111101111111111111101111
11111111111111111111111011111101111111111111101111
1437770
uota for the cu#rrent month in the amount of # poi
uota for the curirentumonth in the amount of # poi
11111111111111100111101111111111111111111111111111
11111111111111111011101111111111111111111111111111
1437771
ts,# at least # points of which must be in the tex
ts,e at least # poinms sf which must be in the zex
11101111111111111111011011111111111111111111111011
11101111111111111111011011111111111111111111111011
1437772
ile #and home furnishing categories.  Morey dashed
ile wand home furnishihg cbtegories.  Moreyndashed
11110111111111111111110111011111111111111110111111
11110111111111111111110111011111111111111110111111
1437773
the# letter to the floor. The valet picked it up e
them letter to thehfloor. The zalet pickex it up e
11101111111111111101111111111101111111111011111111
11111111111111111101111111111101111111111011111111
1437774
otionlessly, creased it and set it #on his desk. I
otionlessly, creasedhit and ret it non his degk. I
11111111111111111111011111110111111011111111101111
11111111111111111111011111110111111011111111101111
1437775
 wasn t fair! All right, maybe the bath#ing trunks
 wasq t fair! All rigtt, maybg the bathwing trunks
11110111111111111111101111111011111111101111111111
11110111111111111111101111111011111111101111111111
1437776
and beach umbrellas hadn# t been really used very 
and beach umbreloas hadnw t been peally esed very 
11111111111111110111111101111111101111110111111111
11111111111111111011111101111111101111110111111111
1437777
uch    though how the devil, he asked himself b#it
uch    thcughihow the devil, he asked hihself bcit
11111111101110111111111111111111111111110111111011
11111111101110111111111111111111111111110111111011
1437778
erly, did you go about usin#g up swimming gear whe
erly, did you go amout ufinng up swimming gesr whe
11111111111111111101111101101111111111111111011111
11111111111111111101111011001111111111111111101111
1437779
 you# didn t have time for such leisurely pursuits
 youv diin t hdve time for such leisurelr pursuits
11110111011111011111111111111111111111110111111111
11110111011111011111111111111111111111110111111111
1437780
as swimming#? But certainly the hiking slacks were
as swfmmiggy? But certainly tbe hiking slacks were
11111011101011111111111111111011111111111111111111
11111011101011111111111111111011111111111111111111
1437781
used!# He d worn them for three whole days and par
used!z He d worn themkfor tcree whole days and par
11111011111111111111101111101111111111111111111111
11111011111111111111101111101111111111111111111111
1437782
 of a fourth  what did they e#xpect him to do, go 
 of a fourtha what did they gtxpect him to do, go 
11111111111101111111111111110011111111111111111111
11111111111101111111111111110011111111111111111111
1437783
round in r#ags? Morey looked belligerently at the 
rounz in rvagst Morey looked belligerently at the 
11110111110111011111111111111111111111111111111111
11110111110101111111111111111111111111111111111111
1437784
offee and toast that the v#alet robot had brought 
offee and toast ttat the vyalet aobot had blought 
11111111111111111011111111011111011111111110111111
11111111111111111011111111011111011111111110111111
1437785
n with the mail, and the#n steeled his resolve. Un
n with tho mail, and thehn steahed his resolve. Un
11111111101111111111111101111100111111111111111111
11111111101111111111111101111110111111111111111111
1437786
air o#r not, he had to play the game according to 
air osr mot, ye had to play the gamevaccording to 
11111011011110111111111111111111111101111111111111
11111011011110111111111111111111111101111111111111
1437787
#he rules. It was for Cherry, more than for himsel
txe rules. Iz was for Cherfy, more than for himsel
00111111111101111111111111011111111111111111111111
10111111111101111111111111011111111111111111111111
1437788
, and the way to# begin a new way of life was to b
, ano the way tos bedin a nyw way of life was to b
11110111111111110111011111101111111111111111111111
11110111111111110111011111101111111111111111111111
1437789
gin it. Morey was going to consume for two. He# to
ain it. Morey was going to consume for twb. Hev to
01111111111111111111111111111111111111111011110111
11111111111111111111111111111111111111110011110111
1437790
d the valet robot,  Take #that stuff back. I want 
d the valetqrobot,  Take sthat stuff bacs. I want 
11111111111011111111111110111111111111110111111111
11111111111011111111111110111111111111110111111111
1437791
ream and sugar with the coffee    lots of cr#eam a
ream and sugax with thx coffee    lots of cjueam a
11111111111110111111110111111111111111111110011111
11111111111110111111110111111111111111111110011111
1437792
d sugar. And besides the toast, scrambled eggs, f#
d sugar.xAcd besides the toast, scrambled eygs, fj
11111111010111111111111111111111111111111110111110
11111111010111111111111111111111111111111111011110
1437793
ie#d potatoes, orange juice    no, make it half a 
iedt potatxes, orange juice    no, makepit half a 
11001111110111111111111111111111111111101111111111
11101111110111111111111111111111111111101111111111
1437794
rapefruit. And ora#nge juice, come to think of it.
rapefruit.qAnd orabnge juice, come to think ofytt.
11111111110111111101111111111111111111111111110011
11111111110111111101111111111111111111111111110001
1437795
  Right away, sir,  said the valet.#  You won t be
 fRight away, sir,  said thv valet.v  You won trbe
10111111111111111111111111101111111011111111111011
10111111111111111111111111101111111011111111111011
1437796
having breakfast at n#ine then, will you, sir?   I
having bryakfastvat nfine then, well you, sir?   I
11111111101111110111101111111111101111111111111111
11111111101111110111011111111111111111111111111111
1437797
certainly will,  said Morey virtuously.  Do#uble p
certainly will,  said Morey virtuouvly.  Dobucle p
11111111111111111111111111111111111011111110101111
11111111111111111111111111111111111011111110111111
1437798
rtions!  As the robot was closing the #door, he ca
rtsons!  As the rsbot was closina the ddoor, he ca
11011111111111111011111111111111011111011111111111
10011111111111111011111111111111011111001111111111
1437799
led af#ter it,  Butter and marmalade with the toas
led afkter it,  Butter and marmalade withxthe soar
11111101111111111111111111111111111111111011110110
11111101111111111111111111101111111111111011111111
1437800
!  full schedule and no time to #waste. In the sho
!  fuly schedule and no time to dwaste. Infthe cho
11111101111111111111111111111111011111111101111011
11101101111111111111111111111111011111111101111111
1437801
er, he caref#ully sprayed himself with lather thre
er, he carefbully sprayhdxhimself with lather thne
11111111111101111111111010111111111111111111111101
11111111111101111111111010111111111111111111111101
1437802
 times. When he had rinse#d the soap off, he went 
btimes. Whec he hae rinsevd the soap off, he went 
01111111111011111101111110111111111111111111111111
01111111111011111101111110111111111111111111111111
1437803
hrough the whole assor#tment of taps in order  thr
hrough the whole assorotment oq haps qn order  thr
11111111111111111111110111111101011110111111111111
11111111111111111111110111111101111110111111111111
1437804
e lotions, plain talcum, scented talcum and# thirt
e lotions, plain talcum,ascehted talcum ancr thirt
11111111111111111111111101110111111111111100111111
11011111111111111111111111110111111111111100111111
1437805
 seconds of ultra violet. Th#en he lathered and ri
 seconds of ultra violet. qepen he lathered avd ri
11111111111111111111111111000111111111111111101111
11111111111111111111111111010111111011111111101111
1437806
sed again, and dried himself with a towel in#stead
sed azain,yand dried himielf with a towel inlstead
11111011110111111111111101111111111111111111011111
11111011110111111111111101111111111111111111011111
1437807
of using the hot air drying jet. Most of #the misc
of usingdtge hot air drying jet. Most of rthe mssc
11111111010111111111111111111111111111111011111011
11111111010111111111111111111111111111111011111011
1437808
llaneous scents wen#t down the drain with the rins
llaneoussscedts wenbt down the drain with thefrins
11111111011101111110111111111111111111111111101111
11111111011101111110111111111111111111111111101111
1437809
 water, but if the Ration Board accused him of #wa
 water, but if the RatiimkBoard accused him of nwa
11111111111111111111111000111111111111111111111011
11111111111111111111110010111111111111111111111011
1437810
te, he could claim he was e#xperimenting. The effe
te, he coujd claimphe wps edxperimenting. The effe
11111111110111111101111011101111111111111111111111
11111111110111111101111011101111111111111111111111
1437811
t, as a matter of fact, wasn t bad at #all. He ste
t, asha matter of fact, masn t bad at jall. He ste
11111011111111111111111101111111111111011111111111
11111011111111111111111101111111111111011111111111
1437812
ped out, full of exuberance. Cherry #was awake, st
pwd out, full of exuberance. Cherry xwus awakv, st
10111111111111111111111111111111111101011111101111
10111111111111111111111111111111111101011111101111
1437813
ring in dismay at the tray #the valet had brought.
ring in dismaygav the tray athe valet had brosght.
11111111111111010111111111101111111111111111101111
11111111111111010111111111101111111111111111101111
1437814
 Good morning, dear,  #she said faintly.  Ugh.  Mo
 Gowd morning, sear,  vshe said faintlm.  Ugh.  Mo
11101111111111101111110111111111111111011111111111
11101111111111101111110111111111111111011111111111
1437815
ey kissed her# and patted her hand.  Well!  he sai
ey kissed herp and patted her hcnd.  Well!  he nae
11111111111110111111111111111110111111111111111010
11111111111110111111111111111110111111111111111000
1437816
, looking at t#he tray with a big, hollow smile.  
, looking at tlhp tray with awbig,ehollow smile.  
11111111111111010111111111111011110111111111111111
11111111111111010111111111111011110111111111111111
1437817
ood!   Isn t that a lot for just #the two of us?  
ood!q  Isn t that a lot for just ntqe hwo of us?  
11110111111111111111111111111111101011011111111111
11110111111111111111111111111111101011011111111111
1437818
Two of us?  repeated Morey masterfully.  Nonse#nse
Two of us?  repeated Morey masbyrfslly.  Nonsepnse
11111111111111111111111111111100110111111111110111
11111111111111111111111111111110110111111111110111
1437819
 my dear. I m# going to eat it all by myself!   Oh
 my leark I mz going to eat it all by mysdlf!   Oh
11110111011110111111111111111111111111111011111111
11111111011110111111111111111111111111111011111111
1437820
 Morey!  gasped #Cherry, and the adoring look she 
 Morey!  ganped qCherry, and the adoring lcoz she 
11111111111011110111111111111111111111111101011111
11111111111011110111111111111111111111111101011111
1437821
ave him was enough to pay for a dozen such mea#ls.
ave him was enough to pay for a dozez such sealls.
11111111111111111111111111111111111101111110110111
11111111111111111111111111111111111101111111011111
1437822
Which, he thought as he finished his# morning exer
Which, heythought as he finished uisj morning exer
11111111101111111111111111111111101101111111111111
11111111101111111111111111111111101101111111111111
1437823
ises with the sparring robot a#nd sat down to his 
ises with the sparring robot afnd sav doxn to hss 
11111111111111111111111111111101111101110111111011
11111111111111111111111111111101111101110111111011
1437824
eal breakfast, #it just about had to be, day in an
erl bxeakfast, witvjust about had to be, day in an
10111011111111101101111111111111111111111111111111
11011011111111111101111111111111111111111111111111
1437825
 day out, for a long, lo#ng time. Still, Morey had
 gay out, for k long, lotng time. Stillt Morey had
10111111111111011111111101111111111111101111111111
10111111111111011111111101111111111111101111111111
1437826
made up his mind. As he worked his #way through th
made up his eind. As ie worked his wway through th
11111111111101111111101111111111111011111111111111
11111111111101111111101111111111111101111111111111
1437827
 kippered herring, tea and# crumpets, he ran over 
 kipperud hebring, tea ankx crumpets, he ran over 
11111110111101111111111110011111111111111111111111
11111110111101111111111110011111111111111111111111
1437828
is plans with Henry. He s#wallowed a mouthful and 
is plans wijh wenrym He smwallowed a mouthful and 
11111111111011011110111110111111111111111111111111
11111111111011110110111110111111111111111111111111
1437829
aid,  I want y#ou to line up some appointments for
aid,  I wanq yaou to line up some appointmentsofrr
11111111111011011111111111111111111111111111110101
11111111111011011111111111111111111111111111100101
1437830
me right away. Three hours a week in an ex#ercise 
me right away. Three hours a week in sn exmercise 
11111111111111111111111111111111111110111101111111
11111111111111111111111111111111111110111101111111
1437831
ym    pick one with lo#ts of reducing equipment, H
ym  d pick one with lotts of reducing equjpment,aH
11110111111111111111110111111111111111111011111101
11110111111111111111110011111111111111111011111101
1437832
nry. I think I m going to need it. And fitt#ings f
nry. I thinv I m going to need wt. Andxfittiings f
11111111111011111111111111111110111111011110111111
11111111111011111111111111111110111111011110111111
1437833
r some new clothes    I ve had the#se for weeks. A
r some new uloqhes y  I ve had thesse for weeks. A
11111111111011011110111111111111110111111111111111
11111111111011011110111111111111110011111111111111
1437834
d, let s see, doctor, dentist    say,# Henry, don 
d, let s see, doctor,hdrntist    say,x Hanry, don 
11111111111111111111101011111111111110110111111111
11111111111111111111101011111111111110111111111111
1437835
 #I have a psychiatrist s date coming up?   Indeed
 vIbqave a psychiatrist shdate coming up?   Indeed
10100111111111111111111110111111111111111111111111
10100111111111111111111111011111111111111111111111
1437836
you do, sir!  it said warmly#.  This morning, in f
you do, sir!  it svid warmlyi.  This mkrning, in f
11111111111111111101111111110111111111011111111111
11111111111111111101111111110111111111011111111111
1437837
ct. I ve already# instructed the chauffeur apd not
ct. I ve alreadym instructen zhe chauffeur apd not
11111111111111110111111111101011111111111111111111
11111111111111110111111111101011111111111111011111
1437838
fied your office.   Fine! Well, get started on th#
fied yxur officeq   nine! Well, get started on thm
11111101111111110111011111111111111111111111111110
11111101111111110111111111111111111111111111111110
1437839
# other things, Henry.   Yes, sir,  said Henry, an
d othervthings, Henry. j Yes, sir,  said Henry, sn
01111110111111111111111011111111111111111111111101
11111110111111111111111011111111111111111111111110
1437840
 assumed the curious absent look circuits #   the 
 assumed the curious absent loyk circuits th  the 
11111111111111111111111111111101111111111100111111
11111111111111111111111111111101111111111100111111
1437841
Talk Between Robots  radio    as it# arranged the 
Talk Between Robols  radio  u al itk arranged the 
11111111111111111011111111110110111011111111111111
11111111111111111011111111110110111011111111111111
1437842
ppointments for its master. in sil#ence, pleased w
ppointments for its master.yin silgence,cpleased w
11111111111111111111111111101111110111110111111111
11111111111111111111111111101111110111110111111111
1437843
th his own virtue, at pe#ace with the world. It wa
ah his own virtue, at peeaceqwith the worle. It wa
01111111111111111111111101110111111111111101111111
10111111111111111111111101110111111111111101111111
1437844
n t so hard to# be a proper, industrious consumer 
n t so hard tol be a prgper, inzustriousmconsumer 
11111111111111011111111011111110111111110111111111
11111111111111011111111011111110111111110111111111
1437845
f you worked at i#t, he reflected. It was only the
f you worked at iqt, he realected.cIt was only the
11111111111111111011111111011111110111111111111111
11111111111111111011111111011111110111111111111111
1437846
malcontents, the ne er do wells and the in#compete
mvlcontents, the ne er do wells and the inicomplti
10111111111111111111111111111111111111111101111010
10011111111111111111111111111111111111111101111101
1437847
ts who simply could not adj#ust to the world aroun
ts who sibply could not adjsusl to the world arouk
11111111101111111111111111101101111111111111111110
11111111101111111111111111101101111111111111111110
1437848
 them. Well, he thought with distant pity, s#omeon
 them. Well, he thought with distanucpity, sjomeon
11111111111111111111111111111111111001111111011111
11111111111111111111111111111111111010111111011111
1437849
 had to suffer  you couldn t# break eggs without m
 had to suffer  yoh couldn tj break eggs withokt m
11111111111111111101111111110111111111111111110111
11111111111111111101111111110111111111111111110111
1437850
king an omelet. And his proper duty was not# to be
king an omelet. Anw his proper dufy was notvyto be
11111111111111111101111111111111101111111110011111
11111111111111111101111111111111101111111110011111
1437851
some sort of wild eyed crank, cha#llenging the soc
some sort of wild eyed crabk, chfsllenginn the soc
11111111111111111111111111011111001111111011111111
11111111111111111111111111001111001111111011111111
1437852
al order and beating his breast about injust#ice, 
al order anx beating his breastxaboutbinjustrice, 
11111111111011111111111111111110111110111111011111
11111111111011111111111111111110111110111111111111
1437853
ut to take care of his wi#fe and his home. It was 
ut tg take ctre of his wijfe and his htme. It was 
11110111111101111111111110111111111111011111111111
11110111111101111111111110111111111111011111111111
1437854
oo bad he couldn t really get right #down to work 
oogbad he couldn t really geq right edown to work 
11011111111111111111111111110111111101111111111111
11011111111111111111111111110111111101111111111111
1437855
n consuming t#oday. But this was his one day a wee
n consumino tfoday. Bur this was his onx day a wee
11111111110110111111110111111111111111101111111111
11111111110110111111110111111111111111101111111111
1437856
 #to hold a job    four of the other six days were
 vto hold e job    fourzof the otqer six days were
10111111110111111111111011111111101111111111111111
10111111110111111111111011111111101111111111111111
1437857
devoted #to solid consuming    and, besides, he ha
devoted dtt solid consuming    aud, besidps, he ha
11111111010111111111111111111111011111111011111111
11111111000111111111111111111111011111111011111111
1437858
 a group therapy se#ssion scheduled as well. His a
 a group tderapy segssirn schzduled as well. His a
11111111110111111110111011111011111111111111111111
11111111110111111110111011111011111111111111111111
1437859
al#ysis, Morey told himself, would certainly take 
aluysis,vMorey told himself, wouldocemtainly take 
11011111011111111111111111111111110110111111111111
11011111011111111111111111111111110110111111111111
1437860
 sharp turn for the bet#ter, now that he had faced
 sharp turn for the betzrers now thah he had faced
11111111111111111111111001101111111101111111111111
11111111111111111111111001111111111101111111111111
1437861
up #to his problems. Morey was immersed in a glow 
upjzto his problems. Moreycwas immerted in a glow 
11001111111111111111111111011111111101111111111111
11001111111111111111111111011111111011111111111111
1437862
f self righteousne#ss as he kissed Cherry good by 
f self rignteousnexss as hexkissed Cherry hood by 
11111111110111111101111111101111111111111101111111
11111111110111111101111111101111111111111101111111
1437863
she had finally got #up, all in a confusion of del
she haz finally got aup, all kn a corfusion of del
11111101111111111111011111111011111101111111111111
11111101111111111111011111111011111101111111111111
1437864
ght at t#he new regime  and walked out the door to
ght at tmhe new regime uand walkedkout the door to
11111111011111111111111011111111110111111111111111
11111111011111111111111011111111110111111111111111
1437865
his car. He hardly noticed the little# man in enor
his car. He hardly notiked the lvttlep man rn enor
11111111111111111111111011111111011110111110111111
11111111111111111111111011111111011110111110111111
1437866
ous floppy hat and garishly ruffled trousers who #
ous flvppybhat and garishly ruffledftrousers who q
11111101110111111111111111111111111011111111111110
11111101110111111111111111111111111011111111111110
1437867
as standing almost hidden in the shrub#s.  Hey, Ma
as standing asmost sidden in the shcubfs.  Hey, Ma
11111111111110111110111111111111111011011111111111
11111111111110111110111111111111111011011111111111
1437868
.  The man s #voice was almost a whisper.  Huh? Oh
c  The man s vvoice was almostua whispee.  Huh? Oh
01111111111110111111111111111101111111101111111111
01111111111110011111111111111101111111101111111111
1437869
   what is it?  The man loo#ked around furtively. 
   what isxitt  The man loohked around furtiveiy. 
11111111110110111111111111101111111111111111110111
11111111110110111111111111101111111111111111110111
1437870
Listen, friend,  he said rapidly,  y#ou look like 
Listen, friend,  he said kaptdly,  yvoualook like 
11111111111111111111111110110111111101101111111111
11111111111111111111111110110011111101101111111111
1437871
n intelligent man who could use a# little help. Ti
n intelligent qan who sould usf av little help. Ti
11111111111111011111110111111101101111111111111111
11111111111111011111110111111101101111111111111111
1437872
es are tough  you help me, I ll help you. Want to#
es are tougm  you helpqmei I ll help you. Want tof
11111111111011111111110110111111111111111111111110
11111111111011111111110110111111111111111111111110
1437873
make a deal on ration stamps? Six for one. #One of
makw a deak on ration stamps? Six for one.bvOne of
11101111110111111111111111111111111111111100111111
11101111110111111111111111111111111111111100111111
1437874
yours for six of mine, the #best deal you ll get a
yours for nix of mine, the mbest dhal you ll bet a
11111111110111111111111111101111110111111111101111
11111111110111111111111111101111101101111111111111
1437875
ywhere in town. Naturall#y, my stamps aren t exact
ywhere ingtown. Naturallsy, mymstamps arenht exact
11111111101111111111111101111101111111111101111111
11111111101111111111111101111101111111111101111111
1437876
y #the real McCoy, but they ll pass, friend, they 
ydtthe real McCoyp but they ll pass, frirnd, they 
10011111111111111011111111111111111111110111111111
01011111111111110011111111111111111111110111111111
1437877
l pass      Morey blinked a#t him.  No!  he said v
l pass      Morey blinked ait hjm.  No!k hepsaid v
11111111111111111111111111101110111111101110111111
11111111111111111111111111101110111111101110111111
1437878
olently, and pushed th#e man aside. Now it s racke
olently, nno pushed thce man asire. Now it s racke
11111111101011111111110111111111011111111111111111
11111111100111111111110111111111011111111111111111
1437879
eers, he thought bitterly. Slums and endless #sord
eers, he thoughtxbitterlyt vlums and endless esord
11111111111111110111111110101111111111111111101111
11111111111111110111111110101111111111111111110111
1437880
d preoccupation with rations w#eren t enough to in
d preocuupationrwith oations wferen t enough to in
11111110111111101111101111111101111111111111111111
11111110111111101111101111111101111111111111111111
1437881
lict on Cherry # now the neighborhood was becoming
lict on Cherryta xow the neighborhood wts becoming
11111111111111001011111111111111111111101111111111
11111111111110011011111111111111111111101111111111
1437882
a hango#ut for people on the shady side of the law
p hangogut for peopln on the shadyoside of the law
01111110111111111111011111111111110111111111111111
01111100111111111111011111111111110111111111111111
1437883
 It was not, of course, the first time he had #eve
xIt wasenot,kof course, the first time he had peve
01111110111101111111111111111111111111111111110111
01111110111101111111111111111111111111111111110111
1437884
 been approached by a c#ounterfeit rationstamp hoo
 been approached by a caounterfnbt rationstamp hoo
11111111111111111111111011111110011111111111111111
11111111111111111111111011111101011111111011111111
1437885
lum, but never at his own front door! Morey tho#ug
lum, but never at his gwn front dnor! Moren thotug
11111111111111111111110111111111101111111101111011
11111111111111111111110111111111101111111101111011
1437886
t briefly,# as he climbed into his car, of calling
t briefly,e as he climbed into his car,aof casling
11111111110111111111111111111111111111101111101111
11111111110111111111111111111111111111101111101111
1437887
the police. But certainly the man #would be gone b
the police. But celtafnly the man rwould be gone b
11111111111111111101101111111111110111111111111111
11111111111111111101101111111111110111111111111111
1437888
fore they could get there  and, after all, he #had
fore they could get tyerh  and, after bll, he dhad
11111111111111111111101101111111111111011111110111
11111111111111111111101101111111111111011111110111
1437889
handled it pretty well as it was. Of cours#e, it w
handled it pretty well as it was. Oa uourswe,nit w
11111111111111111111111111111111111010111101101111
11111111111111111111111111111111111010111101101111
1437890
uld be nice to get six stamps for one#. But very f
uldtbg nice to get sixrstamps for onet. But very f
11101011111111111111110111111111111110111111111111
11101011111111111111110111111111111110111111111111
1437891
r from nice if he got caught. tinkl#ed the robot r
r from nice sf he got caught.rtinklced the kobot r
11111111111101111111111111111011111011111110111111
11111111111101111111111111111011111011111110111111
1437892
ceptioni#st.  Won t you go right in?  With a steel
cepbioniqst.  Won t you goaright in?  With a steel
11101111011111111111111111011111111111111111111111
11101111011111111111111101011111111111111111111111
1437893
tipped finger, it pointed to the doo#r marked Some
tipped finger, ithpointed to the dtotg marked Some
11111111111111111011111111111111110100111111111111
11111111111111111011111111111111100100111111111111
1437894
ay, Morey vowed to himself as he nod#ded and compl
ayi Morey vpwed to himself as he nodhded and compl
11011111111011111111111111111111111101111111111111
11011111110001111111111111111111111101111111111111
1437895
ed, he wou#ld be in a position to afford a private
ed, je woufld buhin a position to afford a private
11110111110111100111111111111111111111111111111111
11110111110111100111111111111111111111111111111111
1437896
analyst of his own. Group therapy helped reli#eve 
analyrt of his ownf Group therapyvhelped relimeve 
11111011111111111101111111111111101111111111101111
11111011111111111101111111111111101111111111101111
1437897
he infi#nite stresses of modern living, and withou
hebinfienitezstresses of modern living, ayd withou
11011110111101111111111111111111111111111011111111
11011111111101111111111111111111111111111011111111
1437898
 it he might find himsel#f as badly off as the hys
 it he might find himseksf as badly offcas nhe hys
11111111111111111111111001111111111111101110111111
11111111111111111111111000111111111111101110111111
1437899
erical mobs in the ration# riots, or as dangerousl
erical oobx zn the rationu riots, or as dangerousl
11111110110101111111111110111111111111111111111111
11111110100101111111111110111111111111111111111111
1437900
 antisocial as the coun#terfeiters. But it lacked 
 antisocral as tde comnoterfeiters. But it lacked 
11111111011111110111101011111111111111111111111111
11111111011111110111111111111111111111111111111111
1437901
he per#sonal touch. It was, he thought, too public
he perpsonal touch. It was, he thhught, too publix
11111101111111111111111111111111101111111111111110
11111101111111111111111111111111101111111111111110
1437902
a perf#ormance of what should be a private affair,
arperfxormancetof what should be a private affajr,
10111101111111011111111111111111111111111111111011
11111101111111011111111111111111111111111111111011
1437903
l#ike trying to live a happy married life with an 
lkiae erying to live a happy married lufe with an 
10101101111111111111111111111111111111011111111111
10101101111111111111111111111111111111011111111111
1437904
nterfering, ever pres#ent crowd of robots in the h
nterfering,gever poesyent crowd of robots in the h
11111111111011111101101111111111111111111111111111
11111111111011111110101111111111111111111111111111
1437905
use    Morey brought himself up in panic. H#ow had
usn   bMomey brought himself up in panic. Hwow had
11011101101111111111111111111111111111111110111111
11011101101111111111111111111111111111111110111111
1437906
that tho#ught crept in? He was shaken visibly as h
that thoaught ctept in? ie was shaken visibly asvh
11111111011111101111111101111111111111111111111101
11111111011111101111111101111111111111111111111101
1437907
 entered the room and greeted# the group to which 
 entered the room ael greetedm the group to which 
11111111111111111110011111111011111111111111111111
11111111111111111110011111111011111111111111111111
1437908
e was assigned. There were eleven of them  four F#
e was assignet. Therz were eleven of them  foup Fg
11111111111110111111011111111111111111111111110110
11111111111110111111011111111111111111111111110110
1437909
eudians, two Reichians, two Jungians, a Gestalte#r
eudianl, two Reichians, two Juwgiansz a Gestalteir
11111101111111111111111111111101111101111111111101
11111101111111111111111111111101111101111111111101
1437910
 a sh#ock therapist and the elderly and rather qui
 a shtock theratist ant the elderly ond rather qui
11111011111111101111110111111111111101111111111111
11111011111111111111110111111111111101111111111111
1437911
t Sullivanite. Eve#n the members of the majority g
t Sullivanitz. Eveen the members of the majority g
11111111111101111101111111111111111111111111111111
11111111111101111001111111111111111111111111111110
1437912
oups had their own i#ndividual differences in tech
oups has their own kpndividual differences jn tech
11111110111111111110011111111111111111111110111111
11111111111111111110011111111111111111111110111111
1437913
ique and #creed, but, despite four years with this
ibue and fcreed, but, despite four yenrs witf this
10111111101111111111111111111111111110111111011111
11011111101111111111111111111111111110111111011111
1437914
particular group of analysts, Morey hadn# t quite 
particularpgrout of analysts, Morey hadnl t quites
11111111110111101111111111111111111111110111111110
11111111110111111111111111111111111111110111111110
1437915
een able to keep them separate in his #mind. Their
een able togkeep them sepajate in his fminl. Their
11111111111011111111111111011111111111011101111111
11111111111011111111111111011111111111101101111111
1437916
names, though, he knew well enough.  Morning, Doc#
names, though, he krew wqll enyugh.  Morning, Docx
11111111111111111110111101111101111111111111111110
11111111111111111110111101111101111111111111111110
1437917
ors,  #he said.  What is it today?   Morning,  sai
orh,  yhe said.  What is it today?   Mosningy  sai
11011101111111111111111111111111111111101111011111
11011101111111111111111111111111111111101111011111
1437918
 Semmelweiss morosely. # Today you come into the r
 Semoelheiss morosely. f Today you come ineo the r
11110110111111111111111011111111111111111101111111
11111111111111111111111011111111111111111101111111
1437919
om for the first time looking as if something is# 
om fol the first time looking as if something iufy
11111011111111111111111111111111111111111111111000
11111011111111111111111111111111111111111111111000
1437920
eally bothering you, and yet the s#chedule calls f
eally bothering you, snd yet the szchedhle callsjf
11111111111111111111101111111111110111101111111101
11111111111111111111101111111111110111101111111101
1437921
r psychodrama. Dr. Fairless,  he appea#led,  can t
r psycdodrama. Dr. dairless,  he appeamled,  csn t
11111101111111111110111111111111111111011111110111
11111101111111111110111111111111111111011111101111
1437922
we change t#he schedule a little bit? Fry here is 
we cbange twhe scheduteka little bit? Fry here is 
11110111111011111111101011111111111111111111111111
11110111111011111111101011111111111111111111111111
1437923
bviously under a strain  that #s the time to start
bviously undmr a strain  that os the time xq start
11111111111101111111111111111101111111111100111111
11111111111101111111111111111101111111111100111111
1437924
digging and see what he #can find. We can do your 
diggingxand see whathhe ican find. We can bo your 
11111110111111111111011101111111111111111101111111
11111110111111111111011101111111111111111101111111
1437925
sycho#drama next time, can t we?  Fairless shook h
slchoidrsma next time, can t we?  Fairless shook h
10111011011111111111111111111111111111111111111111
10111110101111111111111111111111111111111111111111
1437926
s gracefully bald old head. # Sorry, Doctor. If it
s gracefully bald old head. o Sorrys noctor. If it
11111111111111111111111111110111111010111111111111
11111111111111111111111111110111111010111111111111
1437927
were u#p to me, of course    but you know the rule
weremusp todme, of course    but you know the rdle
11110101111011111111111111111111111111111111111011
11110110111011111111111111111111111111111111111011
1437928
.   Rules,# rules,  jeered Semmelweiss.  Ah, what 
.   Rules,r rulys,  jeered Semmelheiss.  Ah, whjt 
11111111110111101111111111111111101111111111111011
11111111110111101111111111111111111111111111111011
1437929
 the #use? Here s a patient in an acute anxiety st
 the wuse? Here s a patignt in on acuxe anxiety st
11111011111111111111111101111110111110111111111111
11111011111111111111111101111111111110111111111111
1437930
te if I ever saw one    and b#elieve me, I saw ple
te if I ever saw one q  and byelieve me, p saw pfe
11111111111111111111101111111011111111111011111101
11111111111111111111101111111011111111111011111011
1437931
ty #   and we ignore it because the rules say igno
ty p   and we ignore it because the rules sayiigno
11101111111111111111111111111111111111111111101111
11101111111111111111111111111111111111111111110101
1437932
e# it. Is that professional? Is that how to cure a
er it. Is that profyssionrl? Is that how tn cure a
10111111111111111110111110111111111111111101111111
11111111111111111110111110111111111111111101111111
1437933
patient?  Little Blai#ne said frostily,  If I may 
patient?  Little Blaidne said froscily,  If c hay 
11111111111111111111101111111111110111111111010111
11111111111111111111101111111111111111111111011101
1437934
ay so, Dr#. Semmelweiss, there have been a great m
ayvso, Drz. Semmelweiss, there hdve been augreat m
11011111101111111111111111111111011111111101111111
11011111101111111111111111111111011111111101111111
1437935
ny cures m#ade without the necessity of departing 
ny cures mjade without tke necessity of desartiug 
11111111110111111111111101111111111111111101111011
11111111110111111111111101111111111111111110111011
1437936
rom the rules. I myself#, in fact       You yourse
rom she rules. I myselfe, in fact       gou yocrse
11110111111111111111111011111111111111110111110111
11110111111111111111111011111111111111110111110111
1437937
f!  mimicked Semmelweiss.  You yourself #never han
f!  mimbckud wemmelweiss.  You yourself dnever han
11111110110110111111111111111111111111110111111111
11111111010111111111111111111111111111110111111111
1437938
led a patient alone in your life. When you going# 
led a patnenl alone in your life. When you goinul 
11111111101101111111111111111111111111111111111001
11111111101101111111111111111111111111111111111001
1437939
o get out of a group#, Blaine?  Blaine said furiou
o get aut of q groupr, Blainec  Blaine said furiou
11111101111110111111011111111011111111111111111111
11111101111110111111011111111011111111111111111111
1437940
ly,  Dr#. Fairless, I don t think I have to stand 
ly,  Drk. Fairless, I don t thinkeI have do stqnd 
11111110111111111111111111111111101111111011110111
11111110111111111111111111111111101111111011110111
1437941
or this so#rt of personal attack. Just because Sem
or this sotrt of perspnal attbckz Just because Sem
11111111110111111111101111111011011111111111111111
11111111110111111111101111111011011111111111111111
1437942
e#lweiss has seniority and a couple of private pat
ejloekss has seniority and a couple of prihate pat
10101011111111111111111111111111111111111101111111
10100011111111111111111111111111111111111101111111
1437943
ents one d#ay a week, he thinks       Gentlemen,  
ents one dnay a webk, he thinka       Gcntlemen,  
11111111110111111101111111111101111111101111111111
11111111110111111101111111111101111111101111111111
1437944
aid Fairless mildly.  Please, let s g#et on with t
aid Fairless mildey.  Pleaqe, let s gietzon with t
11111111111111111011111111011111111110110111111111
11111111111111111101111111011111111111010111111111
1437945
e work. Mr. Fry has come to us #for help, not to l
e work. Mrl Fry haj come to ustufor help, not to l
11111111110111111101111111111100111111111111111111
11111111110111111101111111111110111111111111111111
1437946
sten to us losing our tempers.   Sorry,  sa#id Sem
stcn tolus losing our tempers.   Sorry,  savid Sec
11011110111111111111111111111111111111111110111110
11011110111111111111111111111111111111111110111111
1437947
elweiss curtly#.  All the same, I appeal from the 
elweisd curtlyrx  All toe same, I appeal from the 
11111101111111001111111011111111111111111111111111
11111111111111001111111011111111111111111111111111
1437948
rbitrary and mechanistic ru#ling of the chair.  Fa
rbibrary andtmechanistic rubling of the chair.  Fa
11101111111101111111111111101111111111111111111111
10111111111101111111111111101111111111111111111111
1437949
rless #inclined his head.  All in favor of the rul
rlmss dinclined hisnhetd.  All in favor of the rul
11011101111111111110110111111111111111111111111111
11011111011111111110110111111111111111111111111111
1437950
ng of th#e chair? Nine, I count. That leaves only 
ng of thae chair? Nine, I count. Thasrheaves only 
11111111011111111111111111111111111100011111111111
11111111011111111111111111111111111100111111111111
1437951
ou op#posed, Dr. Semmelweiss. We ll proceed with t
ou opwposyd, Dr. Semmelweiss. ve ll proceedmwith t
11111011101111111111111111111101111111111110111111
11111011101111111111111111111101111111111110111111
1437952
e psychodrama, if the recorder wi#ll read us the n
e psychodrama,oif the recordeu wiyll read us the n
11111111111111011111111111111011101111111111111111
11111111111111001111111111111011101111111111111111
1437953
tes and #comments of the last session.  THE record
tes and hcomments ofudhe last session.  THE recyrd
11111111011111111111001111111111111111111111111011
11111111011111111111001111111111111111111111111011
1437954
r, a pudgy, lowranking youngster named Spr#ogue, f
e, a pudgy, lowmanking youngster namea Spriogue, f
01111111111111101111111111111111111110111101111111
11111111111111101111111111111111111110111110111111
1437955
ipped back the p#ages of his notebook and read in 
ipped back thi prages of hvs notebook ajd read in 
11111111111110110111111111011111111111101111111111
11111111111110111111111111011111111111101111111111
1437956
 chan#ting voice,  Session of # May, subject, More
 chanuting volce,  Session of # May, gubject, Mbre
11111011111110111111111111111111111110111111111011
11111011111110111111111111111111111110111111111011
1437957
 Fry  in attendence, Doctors #Fairless, Bileck, Se
 Fry  in attepdence,oDoctnrs qFairless, Bileck, Se
11111111111110111111011110111011111111111111111111
11111111111110111111011110111011111111111111111111
1437958
melweiss, Carrado#, Weber      Fairless interrupte
melweisw, Carradop, Weber      Fuirlessrinterrupte
11111110111111111011111111111111011111101111111111
11111110111111111011111111111111011111101111111111
1437959
 kindly,  Just the last page, if you please, D#r. 
 kindlx,  Just thm last page, if you plqase, Dmr. 
11111101111111111011111111111111111111101111110111
11111101111111111011111111111111111111101111110111
1437960
progue.   Um #   oh, yes. After a tenminute recess
progue.   Um j   ol, yes. After a tenminrte recese
11111111111110111101111111111111111111110111111110
11111111111110111111111111111111111110110111111110
1437961
for add#itional Rorschachs and an electro encephal
for addaitionaliRorsohachs and an electro encepfal
11111110111111101111011111111111111111111111111011
11111111011111101111011111111111111111111111111011
1437962
gram, the group convened and conducted ra#pid fire
gram, the group convenedcand conducted xakpidjfire
11111111111111111111111101111111111111101011101111
11111111111111111111111101111111111111101011101111
1437963
word as#sociation. Results were tabulated and comp
word asksociation. Resultszuerp tabulated and comp
11111110111111111111111111001101111111111111111111
11111110111111111111111111001101111111111111111111
1437964
red with #standard deviation patterns, and it was 
red with estandard deviationopattorns, and io was 
11111111101111111111111111110111101111111111011111
11111111101111111111111111110111101111111111011111
1437965
etermined that s#ubject s major traumas derived fr
etermined that sfubuezt s major traumss derived fr
11111111111111110110101111111111111110111111111111
11111111111111110111101111111111111101111111111111
1437966
#m, respectively      Morey found his attention wa
ey, respectively      Morey found his attentixn wa
00111111111111111111111111111111111111111111101111
00111111111111111111111111111111111111111111101111
1437967
ing. Therapy was good # everybody knew that, but e
ing. Therapy was goodiy everybodg knew that, but e
11111111111111111111100111111111011111111111111111
11111111111111111111100111111111011111111111111110
1437968
ery once in a while he found it a li#ttle dull. If
euy once in a whdle he fouvd it a linttle dull. If
10111111111111110111111111011111111101111111111111
10111111111111110111111111011111111101111111111111
1437969
it weren t for the#rapy, though, there was no tell
it weren t for theozapyi though, there cas no tell
11111111111111111100111011111111111111101111111111
11111111111111111100111011111111111111101111111111
1437970
ng what might happen. Certainly, Morey tol#d himse
nn what myght happen. Certainly, Morey tolfd himse
10111111101111111111111111111111111111111101111111
00111111101111111111111111111111111111111101111111
1437971
f, he had been h#elped considerably    at least he
f, he had been hbelsed considerably    atjlpast he
11111111111111110110111111111111111111111010111111
11111111111111110111111111111111111111111000111111
1437972
h#adn t set fire to his house and shrieked at the 
hqadn t set fixe to his house and shrieked atcthx 
10111111111111011111111111111111111111111111101101
10111111111111011111111111111111111111111111101101
1437973
ire robots, like Newell down the block when his e#
ire royots, like Newelr town the block when his ew
11111101111111111111110101111111111111111111111110
11111101111111111111110111111111111111111111111100
1437974
dest daughter divorced #her husband and came back 
dest daughter divorced char husbynj and came back 
11111111111111111111111010111111010111111111111111
11111111111111111111111011011111010111111111111111
1437975
o live with #him, bringing her ration quota along,
o live with apim, bringing her wation qgota along,
11111111111100111111111111111110111111101111111111
11111111111110111111111111111110111111011101111111
1437976
of course. Morey hadn t even been tempted t#o do a
of course. Mogey hadn t even beeh tempted tpo do a
11111111111110111111111111111111011111111110111111
11111111111110111111111111111111011111111110111111
1437977
ything as outrageously, fr#ighteningly immoral as 
ything az outrageously, crgighteningly immoral as 
11111111011111111111111101011111111111111111111111
11111111011111111111111111011111111111111111111111
1437978
estroy things or wa#ste them    well, he admitted 
xstroy things or wayste phem    well, he admitwed 
01111111111111111110111101111111111111111111110111
01111111111111111110111101111111111111111111110111
1437979
o himself# honestly, perhaps a little tempted, onc
o himselfo honesqlyk perhapsoa little tempted, onc
11111111101111110110111111110111111111111111111111
11111111101111110110111111110111111111111111111111
1437980
 in a great while. But never anyt#hing important e
 in a great while. Butznever anetshitg important e
11111111111111111111110111111110101101111111111111
11111111111111111111110111111110101101111111111111
1437981
ough to worry about  he# was sound, perfectly soun
ough toxworry about  heb was sound, pprfectlyisoun
11111110111111111111111011111111111110111111101111
11111110111111111111111011111111111110111111101111
1437982
. He looked up, startled. All the doctors wer#e st
. He looked up, startled. All the mhctorf werbe st
11111111111111111111111111111111110011110111101111
11111111111111111111111111111111111011110111101111
1437983
ring at him.  Mr. Fry,  Fairless repeated,  will #
rlngrag him.  Mr. Fry,  Fairless repeated,  will n
10110101111111111111111111111111111111111111111110
10110101111111111111111111111111111111111111111111
1437984
ou take your place?   C#ertainly,  Morey said hast
ou take your place?   Chertainly,  Morey said hrsr
11111111111111111111111011111111111111111111111010
11111111111111111111111011111111111111111111111010
1437985
ly.  Uh    where?  Semmelweiss guff#awed.   Told y
ly.  Uhj   where?  Semvelweiss guffmawed.   Tmld y
11111110111111111111110111111111111011111111101111
11111110111111111111101111111111111111111111101111
1437986
u#. Never mind, Morey  you didn t miss much. We re
uh.xNever mind, Morey  you didz t miss much. Wj re
10101111111111111111111111111101111111111111110111
10101111111111111111111111111101111111111111110111
1437987
goi#ng to run through one of the big scenes in you
goitng to run ohrough one of nhe big scenes in ysu
11101111111111011111111111111011111111111111111101
11101111111111011111111111111011111111111111111101
1437988
 life, the one you told us about last time. Reme#m
 life, the one yountoed us about last tive. Remenm
11111111111111111101101111111111111111110111111101
11111111111111111101011111111111111111110111111110
1437989
er? You were fourte#en years old, you said. Christ
er? You were fourthaenuyears old, you said.iChrist
11111111111111111100110111111111111111111110111111
11111111111111111110110111111111111111111110111111
1437990
as time. Your mother ha#d made you a promise.  Mor
as tjms. Your mother hatd madj you a promise.  Mor
11110101111111111111111011111011111111111111111111
11110011111111111111111011111011111111111111111111
1437991
y swallowed.  I remember,  he said u#nhappily.  We
y swaflowed.  I remember,  he said uinhapvilys  We
11111011111111111111111111111111111101111011101111
11111011111111111111111111111111111011111011101111
1437992
l, all right. Where do I stand#?   Right here,  sa
l, all rights Where do I standn?  aRight heve,  sa
11111111111101111111111111111101110111111110111111
11111111111101111111111111111101110111111101111111
1437993
d Fairless.  You re you, Carrado is yo#ur mother, 
d Fairless.  Yoo re you, warrado iv yoxur mother, 
11111111111111101111111110111111110111011111111111
11111111111111101111111111111111110111011111111111
1437994
 m your father. Will the doctors not partic#ipatin
 m your fathzr. sill the doctors not particnipwtin
11111111111101110111111111111111111111111110110111
11111111111101110111111111111111111111111110110111
1437995
 mind mov#ing back? Fine. Now, Morey, here we are 
 mindymovbing mack? Fine. Now, Moyey, here we are 
11111011101111011111111111111111101111111111111111
11111011101111011111111111111111101111111111111111
1437996
n Christmas morning. Merry Christmas, Morey#!   Me
n Christmas mogning.lMewry Christmas, Moreyy!   Me
11111111111111011111011011111111111111111110111111
11111111111111011111011011111111111111111100111111
1437997
ry Christmas,  Morey said half heartedly.  U#h    
ry Christmbs, xMorey samd half heartedly.  Uoh    
11111111110111011111111011111111111111111111011111
11111111110111011111111011111111111111111111011111
1437998
 at#her dear, where s my    uh    my puppy that Mo
 atwher dear, bhere s my    uh    my puppy thataMo
11101111111111011111111111111111111111111111111011
11101111111111011111111111111111111111111111111011
1437999
her promised me?   #Puppy!  said Fairless heartily
her promcswd ve?   lPuppy!  said Fairless heartily
11111111010110111110111111111111111111111111111111
11111111010110111110111111111111111111111111111111
